Archive member included to satisfy reference by file (symbol)

E:/Program Files/STM32CubeIDE/STM32CubeIDE_1.16.1/STM32CubeIDE/plugins/com.st.stm32cube.ide.mcu.externaltools.gnu-tools-for-stm32.12.3.rel1.win32_1.0.200.202406191623/tools/bin/../lib/gcc/arm-none-eabi/12.3.1/../../../../arm-none-eabi/lib/thumb/v7e-m+fp/hard\libc_nano.a(libc_a-exit.o)
                              E:/Program Files/STM32CubeIDE/STM32CubeIDE_1.16.1/STM32CubeIDE/plugins/com.st.stm32cube.ide.mcu.externaltools.gnu-tools-for-stm32.12.3.rel1.win32_1.0.200.202406191623/tools/bin/../lib/gcc/arm-none-eabi/12.3.1/../../../../arm-none-eabi/lib/thumb/v7e-m+fp/hard/crt0.o (exit)
E:/Program Files/STM32CubeIDE/STM32CubeIDE_1.16.1/STM32CubeIDE/plugins/com.st.stm32cube.ide.mcu.externaltools.gnu-tools-for-stm32.12.3.rel1.win32_1.0.200.202406191623/tools/bin/../lib/gcc/arm-none-eabi/12.3.1/../../../../arm-none-eabi/lib/thumb/v7e-m+fp/hard\libc_nano.a(libc_a-nano-vfprintf_float.o)
                              (_printf_float)
E:/Program Files/STM32CubeIDE/STM32CubeIDE_1.16.1/STM32CubeIDE/plugins/com.st.stm32cube.ide.mcu.externaltools.gnu-tools-for-stm32.12.3.rel1.win32_1.0.200.202406191623/tools/bin/../lib/gcc/arm-none-eabi/12.3.1/../../../../arm-none-eabi/lib/thumb/v7e-m+fp/hard\libc_nano.a(libc_a-nano-vfprintf_i.o)
                              E:/Program Files/STM32CubeIDE/STM32CubeIDE_1.16.1/STM32CubeIDE/plugins/com.st.stm32cube.ide.mcu.externaltools.gnu-tools-for-stm32.12.3.rel1.win32_1.0.200.202406191623/tools/bin/../lib/gcc/arm-none-eabi/12.3.1/../../../../arm-none-eabi/lib/thumb/v7e-m+fp/hard\libc_nano.a(libc_a-nano-vfprintf_float.o) (_printf_common)
E:/Program Files/STM32CubeIDE/STM32CubeIDE_1.16.1/STM32CubeIDE/plugins/com.st.stm32cube.ide.mcu.externaltools.gnu-tools-for-stm32.12.3.rel1.win32_1.0.200.202406191623/tools/bin/../lib/gcc/arm-none-eabi/12.3.1/../../../../arm-none-eabi/lib/thumb/v7e-m+fp/hard\libc_nano.a(libc_a-findfp.o)
                              ./Middlewares/Third_Party/FreeRTOS/Source/tasks.o (__sf)
E:/Program Files/STM32CubeIDE/STM32CubeIDE_1.16.1/STM32CubeIDE/plugins/com.st.stm32cube.ide.mcu.externaltools.gnu-tools-for-stm32.12.3.rel1.win32_1.0.200.202406191623/tools/bin/../lib/gcc/arm-none-eabi/12.3.1/../../../../arm-none-eabi/lib/thumb/v7e-m+fp/hard\libc_nano.a(libc_a-fwalk.o)
                              E:/Program Files/STM32CubeIDE/STM32CubeIDE_1.16.1/STM32CubeIDE/plugins/com.st.stm32cube.ide.mcu.externaltools.gnu-tools-for-stm32.12.3.rel1.win32_1.0.200.202406191623/tools/bin/../lib/gcc/arm-none-eabi/12.3.1/../../../../arm-none-eabi/lib/thumb/v7e-m+fp/hard\libc_nano.a(libc_a-findfp.o) (_fwalk_sglue)
E:/Program Files/STM32CubeIDE/STM32CubeIDE_1.16.1/STM32CubeIDE/plugins/com.st.stm32cube.ide.mcu.externaltools.gnu-tools-for-stm32.12.3.rel1.win32_1.0.200.202406191623/tools/bin/../lib/gcc/arm-none-eabi/12.3.1/../../../../arm-none-eabi/lib/thumb/v7e-m+fp/hard\libc_nano.a(libc_a-stdio.o)
                              E:/Program Files/STM32CubeIDE/STM32CubeIDE_1.16.1/STM32CubeIDE/plugins/com.st.stm32cube.ide.mcu.externaltools.gnu-tools-for-stm32.12.3.rel1.win32_1.0.200.202406191623/tools/bin/../lib/gcc/arm-none-eabi/12.3.1/../../../../arm-none-eabi/lib/thumb/v7e-m+fp/hard\libc_nano.a(libc_a-findfp.o) (__sread)
E:/Program Files/STM32CubeIDE/STM32CubeIDE_1.16.1/STM32CubeIDE/plugins/com.st.stm32cube.ide.mcu.externaltools.gnu-tools-for-stm32.12.3.rel1.win32_1.0.200.202406191623/tools/bin/../lib/gcc/arm-none-eabi/12.3.1/../../../../arm-none-eabi/lib/thumb/v7e-m+fp/hard\libc_nano.a(libc_a-memset.o)
                              E:/Program Files/STM32CubeIDE/STM32CubeIDE_1.16.1/STM32CubeIDE/plugins/com.st.stm32cube.ide.mcu.externaltools.gnu-tools-for-stm32.12.3.rel1.win32_1.0.200.202406191623/tools/bin/../lib/gcc/arm-none-eabi/12.3.1/../../../../arm-none-eabi/lib/thumb/v7e-m+fp/hard/crt0.o (memset)
E:/Program Files/STM32CubeIDE/STM32CubeIDE_1.16.1/STM32CubeIDE/plugins/com.st.stm32cube.ide.mcu.externaltools.gnu-tools-for-stm32.12.3.rel1.win32_1.0.200.202406191623/tools/bin/../lib/gcc/arm-none-eabi/12.3.1/../../../../arm-none-eabi/lib/thumb/v7e-m+fp/hard\libc_nano.a(libc_a-localeconv.o)
                              E:/Program Files/STM32CubeIDE/STM32CubeIDE_1.16.1/STM32CubeIDE/plugins/com.st.stm32cube.ide.mcu.externaltools.gnu-tools-for-stm32.12.3.rel1.win32_1.0.200.202406191623/tools/bin/../lib/gcc/arm-none-eabi/12.3.1/../../../../arm-none-eabi/lib/thumb/v7e-m+fp/hard\libc_nano.a(libc_a-nano-vfprintf_float.o) (_localeconv_r)
E:/Program Files/STM32CubeIDE/STM32CubeIDE_1.16.1/STM32CubeIDE/plugins/com.st.stm32cube.ide.mcu.externaltools.gnu-tools-for-stm32.12.3.rel1.win32_1.0.200.202406191623/tools/bin/../lib/gcc/arm-none-eabi/12.3.1/../../../../arm-none-eabi/lib/thumb/v7e-m+fp/hard\libc_nano.a(libc_a-closer.o)
[...]
Memory Configuration

Name             Origin             Length             Attributes
RAM              0x20000000         0x00020000         xrw
FLASH            0x08000000         0x00080000         xr
*default*        0x00000000         0xffffffff

Linker script and memory map

LOAD E:/Program Files/STM32CubeIDE/STM32CubeIDE_1.16.1/STM32CubeIDE/plugins/com.st.stm32cube.ide.mcu.externaltools.gnu-tools-for-stm32.12.3.rel1.win32_1.0.200.202406191623/tools/bin/../lib/gcc/arm-none-eabi/12.3.1/thumb/v7e-m+fp/hard/crti.o
LOAD E:/Program Files/STM32CubeIDE/STM32CubeIDE_1.16.1/STM32CubeIDE/plugins/com.st.stm32cube.ide.mcu.externaltools.gnu-tools-for-stm32.12.3.rel1.win32_1.0.200.202406191623/tools/bin/../lib/gcc/arm-none-eabi/12.3.1/thumb/v7e-m+fp/hard/crtbegin.o
LOAD E:/Program Files/STM32CubeIDE/STM32CubeIDE_1.16.1/STM32CubeIDE/plugins/com.st.stm32cube.ide.mcu.externaltools.gnu-tools-for-stm32.12.3.rel1.win32_1.0.200.202406191623/tools/bin/../lib/gcc/arm-none-eabi/12.3.1/../../../../arm-none-eabi/lib/thumb/v7e-m+fp/hard/crt0.o
LOAD ./Core/Src/FS_IA10B.o
LOAD ./Core/Src/bmp280.o
LOAD ./Core/Src/config.o
LOAD ./Core/Src/freertos.o
LOAD ./Core/Src/kalman.o
LOAD ./Core/Src/main.o
LOAD ./Core/Src/mpu6050.o
LOAD ./Core/Src/pid.o
LOAD ./Core/Src/stm32f4xx_hal_msp.o
LOAD ./Core/Src/stm32f4xx_hal_timebase_tim.o
LOAD ./Core/Src/stm32f4xx_it.o
LOAD ./Core/Src/syscalls.o
LOAD ./Core/Src/sysmem.o
LOAD ./Core/Src/system_stm32f4xx.o
LOAD ./Core/Startup/startup_stm32f411ceux.o
LOAD ./Drivers/STM32F4xx_HAL_Driver/Src/stm32f4xx_hal.o
LOAD ./Drivers/STM32F4xx_HAL_Driver/Src/stm32f4xx_hal_cortex.o
LOAD ./Drivers/STM32F4xx_HAL_Driver/Src/stm32f4xx_hal_dma.o
LOAD ./Drivers/STM32F4xx_HAL_Driver/Src/stm32f4xx_hal_dma_ex.o
LOAD ./Drivers/STM32F4xx_HAL_Driver/Src/stm32f4xx_hal_exti.o
LOAD ./Drivers/STM32F4xx_HAL_Driver/Src/stm32f4xx_hal_flash.o
LOAD ./Drivers/STM32F4xx_HAL_Driver/Src/stm32f4xx_hal_flash_ex.o
LOAD ./Drivers/STM32F4xx_HAL_Driver/Src/stm32f4xx_hal_flash_ramfunc.o
LOAD ./Drivers/STM32F4xx_HAL_Driver/Src/stm32f4xx_hal_gpio.o
LOAD ./Drivers/STM32F4xx_HAL_Driver/Src/stm32f4xx_hal_i2c.o
LOAD ./Drivers/STM32F4xx_HAL_Driver/Src/stm32f4xx_hal_i2c_ex.o
LOAD ./Drivers/STM32F4xx_HAL_Driver/Src/stm32f4xx_hal_pwr.o
LOAD ./Drivers/STM32F4xx_HAL_Driver/Src/stm32f4xx_hal_pwr_ex.o
LOAD ./Drivers/STM32F4xx_HAL_Driver/Src/stm32f4xx_hal_rcc.o
LOAD ./Drivers/STM32F4xx_HAL_Driver/Src/stm32f4xx_hal_rcc_ex.o
LOAD ./Drivers/STM32F4xx_HAL_Driver/Src/stm32f4xx_hal_tim.o
LOAD ./Drivers/STM32F4xx_HAL_Driver/Src/stm32f4xx_hal_tim_ex.o
LOAD ./Drivers/STM32F4xx_HAL_Driver/Src/stm32f4xx_ll_dma.o
LOAD ./Drivers/STM32F4xx_HAL_Driver/Src/stm32f4xx_ll_exti.o
LOAD ./Drivers/STM32F4xx_HAL_Driver/Src/stm32f4xx_ll_gpio.o
LOAD ./Drivers/STM32F4xx_HAL_Driver/Src/stm32f4xx_ll_rcc.o
LOAD ./Drivers/STM32F4xx_HAL_Driver/Src/stm32f4xx_ll_tim.o
LOAD ./Drivers/STM32F4xx_HAL_Driver/Src/stm32f4xx_ll_usart.o
LOAD ./Drivers/STM32F4xx_HAL_Driver/Src/stm32f4xx_ll_utils.o
LOAD ./Middlewares/Third_Party/FreeRTOS/Source/CMSIS_RTOS_V2/cmsis_os2.o
LOAD ./Middlewares/Third_Party/FreeRTOS/Source/croutine.o
LOAD ./Middlewares/Third_Party/FreeRTOS/Source/event_groups.o
LOAD ./Middlewares/Third_Party/FreeRTOS/Source/list.o
LOAD ./Middlewares/Third_Party/FreeRTOS/Source/queue.o
LOAD ./Middlewares/Third_Party/FreeRTOS/Source/stream_buffer.o
LOAD ./Middlewares/Third_Party/FreeRTOS/Source/tasks.o
LOAD ./Middlewares/Third_Party/FreeRTOS/Source/timers.o
LOAD ./Middlewares/Third_Party/FreeRTOS/Source/portable/GCC/ARM_CM4F/port.o
LOAD ./Middlewares/Third_Party/FreeRTOS/Source/portable/MemMang/heap_4.o
START GROUP
LOAD E:/Program Files/STM32CubeIDE/STM32CubeIDE_1.16.1/STM32CubeIDE/plugins/com.st.stm32cube.ide.mcu.externaltools.gnu-tools-for-stm32.12.3.rel1.win32_1.0.200.202406191623/tools/bin/../lib/gcc/arm-none-eabi/12.3.1/../../../../arm-none-eabi/lib/thumb/v7e-m+fp/hard\libc_nano.a
LOAD E:/Program Files/STM32CubeIDE/STM32CubeIDE_1.16.1/STM32CubeIDE/plugins/com.st.stm32cube.ide.mcu.externaltools.gnu-tools-for-stm32.12.3.rel1.win32_1.0.200.202406191623/tools/bin/../lib/gcc/arm-none-eabi/12.3.1/../../../../arm-none-eabi/lib/thumb/v7e-m+fp/hard\libm.a
END GROUP
START GROUP
LOAD E:/Program Files/STM32CubeIDE/STM32CubeIDE_1.16.1/STM32CubeIDE/plugins/com.st.stm32cube.ide.mcu.externaltools.gnu-tools-for-stm32.12.3.rel1.win32_1.0.200.202406191623/tools/bin/../lib/gcc/arm-none-eabi/12.3.1/thumb/v7e-m+fp/hard\libgcc.a
LOAD E:/Program Files/STM32CubeIDE/STM32CubeIDE_1.16.1/STM32CubeIDE/plugins/com.st.stm32cube.ide.mcu.externaltools.gnu-tools-for-stm32.12.3.rel1.win32_1.0.200.202406191623/tools/bin/../lib/gcc/arm-none-eabi/12.3.1/../../../../arm-none-eabi/lib/thumb/v7e-m+fp/hard\libc_nano.a
END GROUP
START GROUP
LOAD E:/Program Files/STM32CubeIDE/STM32CubeIDE_1.16.1/STM32CubeIDE/plugins/com.st.stm32cube.ide.mcu.externaltools.gnu-tools-for-stm32.12.3.rel1.win32_1.0.200.202406191623/tools/bin/../lib/gcc/arm-none-eabi/12.3.1/thumb/v7e-m+fp/hard\libgcc.a
LOAD E:/Program Files/STM32CubeIDE/STM32CubeIDE_1.16.1/STM32CubeIDE/plugins/com.st.stm32cube.ide.mcu.externaltools.gnu-tools-for-stm32.12.3.rel1.win32_1.0.200.202406191623/tools/bin/../lib/gcc/arm-none-eabi/12.3.1/../../../../arm-none-eabi/lib/thumb/v7e-m+fp/hard\libc_nano.a
LOAD E:/Program Files/STM32CubeIDE/STM32CubeIDE_1.16.1/STM32CubeIDE/plugins/com.st.stm32cube.ide.mcu.externaltools.gnu-tools-for-stm32.12.3.rel1.win32_1.0.200.202406191623/tools/bin/../lib/gcc/arm-none-eabi/12.3.1/../../../../arm-none-eabi/lib/thumb/v7e-m+fp/hard\libnosys.a
END GROUP
START GROUP
LOAD E:/Program Files/STM32CubeIDE/STM32CubeIDE_1.16.1/STM32CubeIDE/plugins/com.st.stm32cube.ide.mcu.externaltools.gnu-tools-for-stm32.12.3.rel1.win32_1.0.200.202406191623/tools/bin/../lib/gcc/arm-none-eabi/12.3.1/thumb/v7e-m+fp/hard\libgcc.a
LOAD E:/Program Files/STM32CubeIDE/STM32CubeIDE_1.16.1/STM32CubeIDE/plugins/com.st.stm32cube.ide.mcu.externaltools.gnu-tools-for-stm32.12.3.rel1.win32_1.0.200.202406191623/tools/bin/../lib/gcc/arm-none-eabi/12.3.1/../../../../arm-none-eabi/lib/thumb/v7e-m+fp/hard\libc_nano.a
LOAD E:/Program Files/STM32CubeIDE/STM32CubeIDE_1.16.1/STM32CubeIDE/plugins/com.st.stm32cube.ide.mcu.externaltools.gnu-tools-for-stm32.12.3.rel1.win32_1.0.200.202406191623/tools/bin/../lib/gcc/arm-none-eabi/12.3.1/../../../../arm-none-eabi/lib/thumb/v7e-m+fp/hard\libnosys.a
END GROUP
LOAD E:/Program Files/STM32CubeIDE/STM32CubeIDE_1.16.1/STM32CubeIDE/plugins/com.st.stm32cube.ide.mcu.externaltools.gnu-tools-for-stm32.12.3.rel1.win32_1.0.200.202406191623/tools/bin/../lib/gcc/arm-none-eabi/12.3.1/thumb/v7e-m+fp/hard/crtend.o
LOAD E:/Program Files/STM32CubeIDE/STM32CubeIDE_1.16.1/STM32CubeIDE/plugins/com.st.stm32cube.ide.mcu.externaltools.gnu-tools-for-stm32.12.3.rel1.win32_1.0.200.202406191623/tools/bin/../lib/gcc/arm-none-eabi/12.3.1/thumb/v7e-m+fp/hard/crtn.o
                0x20020000                        _estack = (ORIGIN (RAM) + LENGTH (RAM))
                0x00000200                        _Min_Heap_Size = 0x200
                0x00000400                        _Min_Stack_Size = 0x400

.isr_vector     0x08000000      0x198
                0x08000000                        . = ALIGN (0x4)
 *(.isr_vector)
 .isr_vector    0x08000000      0x198 ./Core/Startup/startup_stm32f411ceux.o
                0x08000000                g_pfnVectors
                0x08000198                        . = ALIGN (0x4)

.text           0x080001a0     0xd5cc
                0x080001a0                        . = ALIGN (0x4)
 *(.text)
 .text          0x080001a0       0x40 E:/Program Files/STM32CubeIDE/STM32CubeIDE_1.16.1/STM32CubeIDE/plugins/com.st.stm32cube.ide.mcu.externaltools.gnu-tools-for-stm32.12.3.rel1.win32_1.0.200.202406191623/tools/bin/../lib/gcc/arm-none-eabi/12.3.1/thumb/v7e-m+fp/hard/crtbegin.o
 .text          0x080001e0       0xa0 E:/Program Files/STM32CubeIDE/STM32CubeIDE_1.16.1/STM32CubeIDE/plugins/com.st.stm32cube.ide.mcu.externaltools.gnu-tools-for-stm32.12.3.rel1.win32_1.0.200.202406191623/tools/bin/../lib/gcc/arm-none-eabi/12.3.1/../../../../arm-none-eabi/lib/thumb/v7e-m+fp/hard\libc_nano.a(libc_a-memchr.o)
                0x080001e0                memchr
 .text          0x08000280       0x10 E:/Program Files/STM32CubeIDE/STM32CubeIDE_1.16.1/STM32CubeIDE/plugins/com.st.stm32cube.ide.mcu.externaltools.gnu-tools-for-stm32.12.3.rel1.win32_1.0.200.202406191623/tools/bin/../lib/gcc/arm-none-eabi/12.3.1/../../../../arm-none-eabi/lib/thumb/v7e-m+fp/hard\libc_nano.a(libc_a-strlen.o)
                0x08000280                strlen
 .text          0x08000290      0x378 E:/Program Files/STM32CubeIDE/STM32CubeIDE_1.16.1/STM32CubeIDE/plugins/com.st.stm32cube.ide.mcu.externaltools.gnu-tools-for-stm32.12.3.rel1.win32_1.0.200.202406191623/tools/bin/../lib/gcc/arm-none-eabi/12.3.1/thumb/v7e-m+fp/hard\libgcc.a(_arm_addsubdf3.o)
                0x08000290                __aeabi_drsub
                0x08000298                __aeabi_dsub
                0x08000298                __subdf3
                0x0800029c                __aeabi_dadd
                0x0800029c                __adddf3
                0x08000514                __floatunsidf
                0x08000514                __aeabi_ui2d
                0x08000534                __floatsidf
                0x08000534                __aeabi_i2d
                0x08000558                __aeabi_f2d
                0x08000558                __extendsfdf2
                0x0800059c                __floatundidf
                0x0800059c                __aeabi_ul2d
                0x080005ac                __floatdidf
                0x080005ac                __aeabi_l2d
 .text          0x08000608      0x424 E:/Program Files/STM32CubeIDE/STM32CubeIDE_1.16.1/STM32CubeIDE/plugins/com.st.stm32cube.ide.mcu.externaltools.gnu-tools-for-stm32.12.3.rel1.win32_1.0.200.202406191623/tools/bin/../lib/gcc/arm-none-eabi/12.3.1/thumb/v7e-m+fp/hard\libgcc.a(_arm_muldivdf3.o)
                0x08000608                __aeabi_dmul
                0x08000608                __muldf3
                0x0800085c                __divdf3
                0x0800085c                __aeabi_ddiv
 .text          0x08000a2c      0x110 E:/Program Files/STM32CubeIDE/STM32CubeIDE_1.16.1/STM32CubeIDE/plugins/com.st.stm32cube.ide.mcu.externaltools.gnu-tools-for-stm32.12.3.rel1.win32_1.0.200.202406191623/tools/bin/../lib/gcc/arm-none-eabi/12.3.1/thumb/v7e-m+fp/hard\libgcc.a(_arm_cmpdf2.o)
                0x08000a2c                __gtdf2
                0x08000a2c                __gedf2
                0x08000a34                __ltdf2
                0x08000a34                __ledf2
                0x08000a3c                __nedf2
                0x08000a3c                __eqdf2
                0x08000a3c                __cmpdf2
                0x08000ab8                __aeabi_cdrcmple
                0x08000ac8                __aeabi_cdcmpeq
                0x08000ac8                __aeabi_cdcmple
                0x08000ad8                __aeabi_dcmpeq
                0x08000aec                __aeabi_dcmplt
                0x08000b00                __aeabi_dcmple
                0x08000b14                __aeabi_dcmpge
                0x08000b28                __aeabi_dcmpgt
 .text          0x08000b3c       0x2c E:/Program Files/STM32CubeIDE/STM32CubeIDE_1.16.1/STM32CubeIDE/plugins/com.st.stm32cube.ide.mcu.externaltools.gnu-tools-for-stm32.12.3.rel1.win32_1.0.200.202406191623/tools/bin/../lib/gcc/arm-none-eabi/12.3.1/thumb/v7e-m+fp/hard\libgcc.a(_arm_unorddf2.o)
                0x08000b3c                __unorddf2
                0x08000b3c                __aeabi_dcmpun
 .text          0x08000b68       0x50 E:/Program Files/STM32CubeIDE/STM32CubeIDE_1.16.1/STM32CubeIDE/plugins/com.st.stm32cube.ide.mcu.externaltools.gnu-tools-for-stm32.12.3.rel1.win32_1.0.200.202406191623/tools/bin/../lib/gcc/arm-none-eabi/12.3.1/thumb/v7e-m+fp/hard\libgcc.a(_arm_fixdfsi.o)
                0x08000b68                __aeabi_d2iz
                0x08000b68                __fixdfsi
 .text          0x08000bb8       0xa0 E:/Program Files/STM32CubeIDE/STM32CubeIDE_1.16.1/STM32CubeIDE/plugins/com.st.stm32cube.ide.mcu.externaltools.gnu-tools-for-stm32.12.3.rel1.win32_1.0.200.202406191623/tools/bin/../lib/gcc/arm-none-eabi/12.3.1/thumb/v7e-m+fp/hard\libgcc.a(_arm_truncdfsf2.o)
                0x08000bb8                __truncdfsf2
                0x08000bb8                __aeabi_d2f
 .text          0x08000c58       0x30 E:/Program Files/STM32CubeIDE/STM32CubeIDE_1.16.1/STM32CubeIDE/plugins/com.st.stm32cube.ide.mcu.externaltools.gnu-tools-for-stm32.12.3.rel1.win32_1.0.200.202406191623/tools/bin/../lib/gcc/arm-none-eabi/12.3.1/thumb/v7e-m+fp/hard\libgcc.a(_aeabi_uldivmod.o)
                0x08000c58                __aeabi_uldivmod
 .text          0x08000c88      0x2bc E:/Program Files/STM32CubeIDE/STM32CubeIDE_1.16.1/STM32CubeIDE/plugins/com.st.stm32cube.ide.mcu.externaltools.gnu-tools-for-stm32.12.3.rel1.win32_1.0.200.202406191623/tools/bin/../lib/gcc/arm-none-eabi/12.3.1/thumb/v7e-m+fp/hard\libgcc.a(_udivmoddi4.o)
                0x08000c88                __udivmoddi4
 .text          0x08000f44        0x4 E:/Program Files/STM32CubeIDE/STM32CubeIDE_1.16.1/STM32CubeIDE/plugins/com.st.stm32cube.ide.mcu.externaltools.gnu-tools-for-stm32.12.3.rel1.win32_1.0.200.202406191623/tools/bin/../lib/gcc/arm-none-eabi/12.3.1/thumb/v7e-m+fp/hard\libgcc.a(_dvmd_tls.o)
                0x08000f44                __aeabi_idiv0
                0x08000f44                __aeabi_ldiv0
 *(.text*)
 .text.ibus_check_CS
                0x08000f48       0x6a ./Core/Src/FS_IA10B.o
                0x08000f48                ibus_check_CS
 .text.ibus_message
                0x08000fb2      0x11c ./Core/Src/FS_IA10B.o
                0x08000fb2                ibus_message
 .text.ibus_active_failsafe
                0x080010ce       0x22 ./Core/Src/FS_IA10B.o
                0x080010ce                ibus_active_failsafe
 .text.map_ibus_to_altitude
                0x080010f0       0xbc ./Core/Src/FS_IA10B.o
                0x080010f0                map_ibus_to_altitude
 .text.do_motor1
                0x080011ac       0x3e ./Core/Src/config.o
                0x080011ac                do_motor1
 .text.do_motor2
                0x080011ea       0x3e ./Core/Src/config.o
                0x080011ea                do_motor2
 .text.do_motor3
                0x08001228       0x3e ./Core/Src/config.o
                0x08001228                do_motor3
 .text.do_motor4
                0x08001266       0x3e ./Core/Src/config.o
                0x08001266                do_motor4
 *fill*         0x080012a4        0x4 
 .text.estimate_yaw_complementary
                0x080012a8       0xe8 ./Core/Src/config.o
                0x080012a8                estimate_yaw_complementary
 .text.Kalman_Init
                0x08001390       0x64 ./Core/Src/kalman.o
                0x08001390                Kalman_Init
 .text.Kalman_Update
                0x080013f4      0x1f4 ./Core/Src/kalman.o
                0x080013f4                Kalman_Update
 .text.__NVIC_GetPriorityGrouping
                0x080015e8       0x1c ./Core/Src/main.o
 .text.__NVIC_EnableIRQ
                0x08001604       0x3c ./Core/Src/main.o
 .text.__NVIC_SetPriority
                0x08001640       0x54 ./Core/Src/main.o
 .text.NVIC_EncodePriority
                0x08001694       0x66 ./Core/Src/main.o
 .text.LL_TIM_EnableCounter
                0x080016fa       0x20 ./Core/Src/main.o
 .text.LL_TIM_EnableARRPreload
                0x0800171a       0x20 ./Core/Src/main.o
 .text.LL_TIM_CC_EnableChannel
                0x0800173a       0x22 ./Core/Src/main.o
 .text.LL_TIM_OC_DisableFast
                0x0800175c       0x8c ./Core/Src/main.o
 .text.LL_TIM_OC_EnablePreload
                0x080017e8       0x88 ./Core/Src/main.o
 .text.LL_TIM_SetTriggerOutput
                0x08001870       0x26 ./Core/Src/main.o
 .text.LL_TIM_DisableMasterSlaveMode
                0x08001896       0x20 ./Core/Src/main.o
 .text.LL_USART_Enable
                0x080018b6       0x20 ./Core/Src/main.o
 .text.LL_USART_ConfigAsyncMode
                0x080018d6       0x2c ./Core/Src/main.o
 .text.LL_USART_EnableIT_RXNE
                0x08001902       0x46 ./Core/Src/main.o
 .text.LL_AHB1_GRP1_EnableClock
                0x08001948       0x30 ./Core/Src/main.o
 .text.LL_APB1_GRP1_EnableClock
                0x08001978       0x30 ./Core/Src/main.o
 .text.LL_APB2_GRP1_EnableClock
                0x080019a8       0x30 ./Core/Src/main.o
 .text.main     0x080019d8      0x4a0 ./Core/Src/main.o
                0x080019d8                main
 .text.SystemClock_Config
                0x08001e78       0xd0 ./Core/Src/main.o
                0x08001e78                SystemClock_Config
 .text.MX_I2C1_Init
                0x08001f48       0x5c ./Core/Src/main.o
 .text.MX_I2C3_Init
                0x08001fa4       0x5c ./Core/Src/main.o
 .text.MX_TIM2_Init
                0x08002000       0xb0 ./Core/Src/main.o
 .text.MX_TIM5_Init
                0x080020b0      0x120 ./Core/Src/main.o
 .text.MX_USART1_UART_Init
                0x080021d0       0xc0 ./Core/Src/main.o
 .text.MX_GPIO_Init
                0x08002290       0x84 ./Core/Src/main.o
 .text.MotorTask
                0x08002314       0x10 ./Core/Src/main.o
                0x08002314                MotorTask
 .text.PidTask  0x08002324      0x19c ./Core/Src/main.o
                0x08002324                PidTask
 .text.SensorTask
                0x080024c0       0x70 ./Core/Src/main.o
                0x080024c0                SensorTask
 .text.RCTask   0x08002530       0xa4 ./Core/Src/main.o
                0x08002530                RCTask
 *fill*         0x080025d4        0x4 
 .text.StateEstimatorTask
                0x080025d8      0x384 ./Core/Src/main.o
                0x080025d8                StateEstimatorTask
 .text.HAL_TIM_PeriodElapsedCallback
                0x0800295c       0x24 ./Core/Src/main.o
                0x0800295c                HAL_TIM_PeriodElapsedCallback
 .text.Error_Handler
                0x08002980        0xc ./Core/Src/main.o
                0x08002980                Error_Handler
 .text.MPU6050_Init
                0x0800298c      0x1d8 ./Core/Src/mpu6050.o
                0x0800298c                MPU6050_Init
 .text.MPU6050_ReadRawData
                0x08002b64       0xd8 ./Core/Src/mpu6050.o
                0x08002b64                MPU6050_ReadRawData
 .text.MPU6050_ConvertData
                0x08002c3c      0x17c ./Core/Src/mpu6050.o
                0x08002c3c                MPU6050_ConvertData
 .text.PID_INIT
                0x08002db8      0x114 ./Core/Src/pid.o
                0x08002db8                PID_INIT
 .text.PID_CONTROLLER
                0x08002ecc      0x248 ./Core/Src/pid.o
                0x08002ecc                PID_CONTROLLER
 .text.HAL_MspInit
                0x08003114       0x58 ./Core/Src/stm32f4xx_hal_msp.o
                0x08003114                HAL_MspInit
 .text.HAL_I2C_MspInit
                0x0800316c      0x138 ./Core/Src/stm32f4xx_hal_msp.o
                0x0800316c                HAL_I2C_MspInit
 .text.HAL_TIM_PWM_MspInit
                0x080032a4       0x40 ./Core/Src/stm32f4xx_hal_msp.o
                0x080032a4                HAL_TIM_PWM_MspInit
 .text.HAL_TIM_MspPostInit
                0x080032e4       0x70 ./Core/Src/stm32f4xx_hal_msp.o
                0x080032e4                HAL_TIM_MspPostInit
 .text.HAL_InitTick
                0x08003354       0xe4 ./Core/Src/stm32f4xx_hal_timebase_tim.o
                0x08003354                HAL_InitTick
 .text.LL_USART_IsActiveFlag_ORE
                0x08003438       0x26 ./Core/Src/stm32f4xx_it.o
 .text.LL_USART_IsActiveFlag_RXNE
                0x0800345e       0x26 ./Core/Src/stm32f4xx_it.o
 .text.LL_USART_ClearFlag_ORE
                0x08003484       0x24 ./Core/Src/stm32f4xx_it.o
 .text.LL_USART_ReceiveData8
                0x080034a8       0x1a ./Core/Src/stm32f4xx_it.o
 .text.NMI_Handler
                0x080034c2        0x8 ./Core/Src/stm32f4xx_it.o
                0x080034c2                NMI_Handler
 .text.HardFault_Handler
                0x080034ca        0x8 ./Core/Src/stm32f4xx_it.o
                0x080034ca                HardFault_Handler
 .text.MemManage_Handler
                0x080034d2        0x8 ./Core/Src/stm32f4xx_it.o
                0x080034d2                MemManage_Handler
 .text.BusFault_Handler
                0x080034da        0x8 ./Core/Src/stm32f4xx_it.o
                0x080034da                BusFault_Handler
 .text.UsageFault_Handler
                0x080034e2        0x8 ./Core/Src/stm32f4xx_it.o
                0x080034e2                UsageFault_Handler
 .text.DebugMon_Handler
                0x080034ea        0xe ./Core/Src/stm32f4xx_it.o
                0x080034ea                DebugMon_Handler
 .text.TIM1_UP_TIM10_IRQHandler
                0x080034f8       0x14 ./Core/Src/stm32f4xx_it.o
                0x080034f8                TIM1_UP_TIM10_IRQHandler
 .text.USART1_IRQHandler
                0x0800350c       0xec ./Core/Src/stm32f4xx_it.o
                0x0800350c                USART1_IRQHandler
 .text._getpid  0x080035f8       0x10 ./Core/Src/syscalls.o
                0x080035f8                _getpid
 .text._kill    0x08003608       0x20 ./Core/Src/syscalls.o
                0x08003608                _kill
 .text._exit    0x08003628       0x16 ./Core/Src/syscalls.o
                0x08003628                _exit
 .text._read    0x0800363e       0x3a ./Core/Src/syscalls.o
                0x0800363e                _read
 .text._write   0x08003678       0x38 ./Core/Src/syscalls.o
                0x08003678                _write
 .text._close   0x080036b0       0x18 ./Core/Src/syscalls.o
                0x080036b0                _close
 .text._fstat   0x080036c8       0x20 ./Core/Src/syscalls.o
                0x080036c8                _fstat
 .text._isatty  0x080036e8       0x16 ./Core/Src/syscalls.o
                0x080036e8                _isatty
 .text._lseek   0x080036fe       0x1a ./Core/Src/syscalls.o
                0x080036fe                _lseek
 .text._sbrk    0x08003718       0x6c ./Core/Src/sysmem.o
                0x08003718                _sbrk
 .text.SystemInit
                0x08003784       0x24 ./Core/Src/system_stm32f4xx.o
                0x08003784                SystemInit
 .text.Reset_Handler
                0x080037a8       0x50 ./Core/Startup/startup_stm32f411ceux.o
                0x080037a8                Reset_Handler
 .text.Default_Handler
                0x080037f8        0x2 ./Core/Startup/startup_stm32f411ceux.o
                0x080037f8                RTC_Alarm_IRQHandler
                0x080037f8                EXTI2_IRQHandler
                0x080037f8                SPI4_IRQHandler
                0x080037f8                TIM1_CC_IRQHandler
                0x080037f8                DMA2_Stream5_IRQHandler
                0x080037f8                DMA1_Stream5_IRQHandler
                0x080037f8                PVD_IRQHandler
                0x080037f8                SDIO_IRQHandler
                0x080037f8                TAMP_STAMP_IRQHandler
                0x080037f8                EXTI3_IRQHandler
                0x080037f8                I2C3_ER_IRQHandler
                0x080037f8                EXTI0_IRQHandler
                0x080037f8                I2C2_EV_IRQHandler
                0x080037f8                DMA1_Stream2_IRQHandler
                0x080037f8                FPU_IRQHandler
                0x080037f8                DMA2_Stream2_IRQHandler
                0x080037f8                SPI1_IRQHandler
                0x080037f8                TIM1_BRK_TIM9_IRQHandler
                0x080037f8                DMA2_Stream3_IRQHandler
                0x080037f8                USART6_IRQHandler
                0x080037f8                DMA2_Stream0_IRQHandler
                0x080037f8                TIM4_IRQHandler
                0x080037f8                I2C1_EV_IRQHandler
                0x080037f8                DMA1_Stream6_IRQHandler
                0x080037f8                DMA1_Stream1_IRQHandler
                0x080037f8                TIM3_IRQHandler
                0x080037f8                RCC_IRQHandler
                0x080037f8                Default_Handler
                0x080037f8                EXTI15_10_IRQHandler
                0x080037f8                ADC_IRQHandler
                0x080037f8                DMA1_Stream7_IRQHandler
                0x080037f8                SPI5_IRQHandler
                0x080037f8                TIM5_IRQHandler
                0x080037f8                DMA2_Stream7_IRQHandler
                0x080037f8                I2C3_EV_IRQHandler
                0x080037f8                EXTI9_5_IRQHandler
                0x080037f8                RTC_WKUP_IRQHandler
                0x080037f8                SPI2_IRQHandler
                0x080037f8                DMA1_Stream0_IRQHandler
                0x080037f8                EXTI4_IRQHandler
                0x080037f8                WWDG_IRQHandler
                0x080037f8                TIM2_IRQHandler
                0x080037f8                OTG_FS_WKUP_IRQHandler
                0x080037f8                TIM1_TRG_COM_TIM11_IRQHandler
                0x080037f8                EXTI1_IRQHandler
                0x080037f8                USART2_IRQHandler
                0x080037f8                I2C2_ER_IRQHandler
                0x080037f8                DMA2_Stream1_IRQHandler
                0x080037f8                FLASH_IRQHandler
                0x080037f8                DMA2_Stream4_IRQHandler
                0x080037f8                OTG_FS_IRQHandler
                0x080037f8                SPI3_IRQHandler
                0x080037f8                DMA1_Stream4_IRQHandler
                0x080037f8                I2C1_ER_IRQHandler
                0x080037f8                DMA2_Stream6_IRQHandler
                0x080037f8                DMA1_Stream3_IRQHandler
 *fill*         0x080037fa        0x2 
 .text.HAL_Init
                0x080037fc       0x44 ./Drivers/STM32F4xx_HAL_Driver/Src/stm32f4xx_hal.o
                0x080037fc                HAL_Init
 .text.HAL_IncTick
                0x08003840       0x28 ./Drivers/STM32F4xx_HAL_Driver/Src/stm32f4xx_hal.o
                0x08003840                HAL_IncTick
 .text.HAL_GetTick
                0x08003868       0x18 ./Drivers/STM32F4xx_HAL_Driver/Src/stm32f4xx_hal.o
                0x08003868                HAL_GetTick
 .text.HAL_Delay
                0x08003880       0x48 ./Drivers/STM32F4xx_HAL_Driver/Src/stm32f4xx_hal.o
                0x08003880                HAL_Delay
 .text.__NVIC_SetPriorityGrouping
                0x080038c8       0x48 ./Drivers/STM32F4xx_HAL_Driver/Src/stm32f4xx_hal_cortex.o
 .text.__NVIC_GetPriorityGrouping
                0x08003910       0x1c ./Drivers/STM32F4xx_HAL_Driver/Src/stm32f4xx_hal_cortex.o
 .text.__NVIC_EnableIRQ
                0x0800392c       0x3c ./Drivers/STM32F4xx_HAL_Driver/Src/stm32f4xx_hal_cortex.o
 .text.__NVIC_SetPriority
                0x08003968       0x54 ./Drivers/STM32F4xx_HAL_Driver/Src/stm32f4xx_hal_cortex.o
 .text.NVIC_EncodePriority
                0x080039bc       0x66 ./Drivers/STM32F4xx_HAL_Driver/Src/stm32f4xx_hal_cortex.o
 .text.HAL_NVIC_SetPriorityGrouping
                0x08003a22       0x16 ./Drivers/STM32F4xx_HAL_Driver/Src/stm32f4xx_hal_cortex.o
                0x08003a22                HAL_NVIC_SetPriorityGrouping
 .text.HAL_NVIC_SetPriority
                0x08003a38       0x38 ./Drivers/STM32F4xx_HAL_Driver/Src/stm32f4xx_hal_cortex.o
                0x08003a38                HAL_NVIC_SetPriority
 .text.HAL_NVIC_EnableIRQ
                0x08003a70       0x1c ./Drivers/STM32F4xx_HAL_Driver/Src/stm32f4xx_hal_cortex.o
                0x08003a70                HAL_NVIC_EnableIRQ
 .text.HAL_GPIO_Init
                0x08003a8c      0x308 ./Drivers/STM32F4xx_HAL_Driver/Src/stm32f4xx_hal_gpio.o
                0x08003a8c                HAL_GPIO_Init
 .text.HAL_GPIO_WritePin
                0x08003d94       0x32 ./Drivers/STM32F4xx_HAL_Driver/Src/stm32f4xx_hal_gpio.o
                0x08003d94                HAL_GPIO_WritePin
 *fill*         0x08003dc6        0x2 
 .text.HAL_I2C_Init
                0x08003dc8      0x288 ./Drivers/STM32F4xx_HAL_Driver/Src/stm32f4xx_hal_i2c.o
                0x08003dc8                HAL_I2C_Init
 .text.HAL_I2C_Mem_Write
                0x08004050      0x1f4 ./Drivers/STM32F4xx_HAL_Driver/Src/stm32f4xx_hal_i2c.o
                0x08004050                HAL_I2C_Mem_Write
 .text.HAL_I2C_Mem_Read
                0x08004244      0x464 ./Drivers/STM32F4xx_HAL_Driver/Src/stm32f4xx_hal_i2c.o
                0x08004244                HAL_I2C_Mem_Read
 .text.I2C_RequestMemoryWrite
                0x080046a8      0x12c ./Drivers/STM32F4xx_HAL_Driver/Src/stm32f4xx_hal_i2c.o
 .text.I2C_RequestMemoryRead
                0x080047d4      0x1d0 ./Drivers/STM32F4xx_HAL_Driver/Src/stm32f4xx_hal_i2c.o
 .text.I2C_WaitOnFlagUntilTimeout
                0x080049a4       0xf4 ./Drivers/STM32F4xx_HAL_Driver/Src/stm32f4xx_hal_i2c.o
 .text.I2C_WaitOnMasterAddressFlagUntilTimeout
                0x08004a98      0x140 ./Drivers/STM32F4xx_HAL_Driver/Src/stm32f4xx_hal_i2c.o
 .text.I2C_WaitOnTXEFlagUntilTimeout
                0x08004bd8       0x90 ./Drivers/STM32F4xx_HAL_Driver/Src/stm32f4xx_hal_i2c.o
 .text.I2C_WaitOnBTFFlagUntilTimeout
                0x08004c68       0x90 ./Drivers/STM32F4xx_HAL_Driver/Src/stm32f4xx_hal_i2c.o
 .text.I2C_WaitOnRXNEFlagUntilTimeout
                0x08004cf8       0xba ./Drivers/STM32F4xx_HAL_Driver/Src/stm32f4xx_hal_i2c.o
 .text.I2C_IsAcknowledgeFailed
                0x08004db2       0x5e ./Drivers/STM32F4xx_HAL_Driver/Src/stm32f4xx_hal_i2c.o
 .text.HAL_RCC_OscConfig
                0x08004e10      0x4f0 ./Drivers/STM32F4xx_HAL_Driver/Src/stm32f4xx_hal_rcc.o
                0x08004e10                HAL_RCC_OscConfig
 .text.HAL_RCC_ClockConfig
                0x08005300      0x1cc ./Drivers/STM32F4xx_HAL_Driver/Src/stm32f4xx_hal_rcc.o
                0x08005300                HAL_RCC_ClockConfig
 .text.HAL_RCC_GetSysClockFreq
                0x080054cc      0x18c ./Drivers/STM32F4xx_HAL_Driver/Src/stm32f4xx_hal_rcc.o
                0x080054cc                HAL_RCC_GetSysClockFreq
 .text.HAL_RCC_GetHCLKFreq
                0x08005658       0x18 ./Drivers/STM32F4xx_HAL_Driver/Src/stm32f4xx_hal_rcc.o
                0x08005658                HAL_RCC_GetHCLKFreq
 .text.HAL_RCC_GetPCLK1Freq
                0x08005670       0x28 ./Drivers/STM32F4xx_HAL_Driver/Src/stm32f4xx_hal_rcc.o
                0x08005670                HAL_RCC_GetPCLK1Freq
 .text.HAL_RCC_GetPCLK2Freq
                0x08005698       0x28 ./Drivers/STM32F4xx_HAL_Driver/Src/stm32f4xx_hal_rcc.o
                0x08005698                HAL_RCC_GetPCLK2Freq
 .text.HAL_RCC_GetClockConfig
                0x080056c0       0x64 ./Drivers/STM32F4xx_HAL_Driver/Src/stm32f4xx_hal_rcc.o
                0x080056c0                HAL_RCC_GetClockConfig
 .text.HAL_TIM_Base_Init
                0x08005724       0x9e ./Drivers/STM32F4xx_HAL_Driver/Src/stm32f4xx_hal_tim.o
                0x08005724                HAL_TIM_Base_Init
 .text.HAL_TIM_Base_MspInit
                0x080057c2       0x14 ./Drivers/STM32F4xx_HAL_Driver/Src/stm32f4xx_hal_tim.o
                0x080057c2                HAL_TIM_Base_MspInit
 *fill*         0x080057d6        0x2 
 .text.HAL_TIM_Base_Start_IT
                0x080057d8       0xc4 ./Drivers/STM32F4xx_HAL_Driver/Src/stm32f4xx_hal_tim.o
                0x080057d8                HAL_TIM_Base_Start_IT
 .text.HAL_TIM_PWM_Init
                0x0800589c       0x9e ./Drivers/STM32F4xx_HAL_Driver/Src/stm32f4xx_hal_tim.o
                0x0800589c                HAL_TIM_PWM_Init
 .text.HAL_TIM_IRQHandler
                0x0800593a      0x1e0 ./Drivers/STM32F4xx_HAL_Driver/Src/stm32f4xx_hal_tim.o
                0x0800593a                HAL_TIM_IRQHandler
 *fill*         0x08005b1a        0x2 
 .text.HAL_TIM_PWM_ConfigChannel
                0x08005b1c      0x184 ./Drivers/STM32F4xx_HAL_Driver/Src/stm32f4xx_hal_tim.o
                0x08005b1c                HAL_TIM_PWM_ConfigChannel
 .text.HAL_TIM_OC_DelayElapsedCallback
                0x08005ca0       0x14 ./Drivers/STM32F4xx_HAL_Driver/Src/stm32f4xx_hal_tim.o
                0x08005ca0                HAL_TIM_OC_DelayElapsedCallback
 .text.HAL_TIM_IC_CaptureCallback
                0x08005cb4       0x14 ./Drivers/STM32F4xx_HAL_Driver/Src/stm32f4xx_hal_tim.o
                0x08005cb4                HAL_TIM_IC_CaptureCallback
 .text.HAL_TIM_PWM_PulseFinishedCallback
                0x08005cc8       0x14 ./Drivers/STM32F4xx_HAL_Driver/Src/stm32f4xx_hal_tim.o
                0x08005cc8                HAL_TIM_PWM_PulseFinishedCallback
 .text.HAL_TIM_TriggerCallback
                0x08005cdc       0x14 ./Drivers/STM32F4xx_HAL_Driver/Src/stm32f4xx_hal_tim.o
                0x08005cdc                HAL_TIM_TriggerCallback
 .text.TIM_Base_SetConfig
                0x08005cf0      0x118 ./Drivers/STM32F4xx_HAL_Driver/Src/stm32f4xx_hal_tim.o
                0x08005cf0                TIM_Base_SetConfig
 .text.TIM_OC1_SetConfig
                0x08005e08       0xcc ./Drivers/STM32F4xx_HAL_Driver/Src/stm32f4xx_hal_tim.o
 .text.TIM_OC2_SetConfig
                0x08005ed4       0xd8 ./Drivers/STM32F4xx_HAL_Driver/Src/stm32f4xx_hal_tim.o
                0x08005ed4                TIM_OC2_SetConfig
 .text.TIM_OC3_SetConfig
                0x08005fac       0xd4 ./Drivers/STM32F4xx_HAL_Driver/Src/stm32f4xx_hal_tim.o
 .text.TIM_OC4_SetConfig
                0x08006080       0xa0 ./Drivers/STM32F4xx_HAL_Driver/Src/stm32f4xx_hal_tim.o
 .text.HAL_TIMEx_MasterConfigSynchronization
                0x08006120       0xdc ./Drivers/STM32F4xx_HAL_Driver/Src/stm32f4xx_hal_tim_ex.o
                0x08006120                HAL_TIMEx_MasterConfigSynchronization
 .text.HAL_TIMEx_CommutCallback
                0x080061fc       0x14 ./Drivers/STM32F4xx_HAL_Driver/Src/stm32f4xx_hal_tim_ex.o
                0x080061fc                HAL_TIMEx_CommutCallback
 .text.HAL_TIMEx_BreakCallback
                0x08006210       0x14 ./Drivers/STM32F4xx_HAL_Driver/Src/stm32f4xx_hal_tim_ex.o
                0x08006210                HAL_TIMEx_BreakCallback
 .text.LL_GPIO_SetPinMode
                0x08006224       0x7a ./Drivers/STM32F4xx_HAL_Driver/Src/stm32f4xx_ll_gpio.o
 .text.LL_GPIO_SetPinOutputType
                0x0800629e       0x30 ./Drivers/STM32F4xx_HAL_Driver/Src/stm32f4xx_ll_gpio.o
 .text.LL_GPIO_SetPinSpeed
                0x080062ce       0x7a ./Drivers/STM32F4xx_HAL_Driver/Src/stm32f4xx_ll_gpio.o
 .text.LL_GPIO_SetPinPull
                0x08006348       0x7a ./Drivers/STM32F4xx_HAL_Driver/Src/stm32f4xx_ll_gpio.o
 .text.LL_GPIO_SetAFPin_0_7
                0x080063c2       0x7a ./Drivers/STM32F4xx_HAL_Driver/Src/stm32f4xx_ll_gpio.o
 .text.LL_GPIO_SetAFPin_8_15
                0x0800643c       0x7e ./Drivers/STM32F4xx_HAL_Driver/Src/stm32f4xx_ll_gpio.o
 .text.LL_GPIO_Init
                0x080064ba      0x102 ./Drivers/STM32F4xx_HAL_Driver/Src/stm32f4xx_ll_gpio.o
                0x080064ba                LL_GPIO_Init
 .text.LL_RCC_GetSysClkSource
                0x080065bc       0x1c ./Drivers/STM32F4xx_HAL_Driver/Src/stm32f4xx_ll_rcc.o
 .text.LL_RCC_GetAHBPrescaler
                0x080065d8       0x1c ./Drivers/STM32F4xx_HAL_Driver/Src/stm32f4xx_ll_rcc.o
 .text.LL_RCC_GetAPB1Prescaler
                0x080065f4       0x1c ./Drivers/STM32F4xx_HAL_Driver/Src/stm32f4xx_ll_rcc.o
 .text.LL_RCC_GetAPB2Prescaler
                0x08006610       0x1c ./Drivers/STM32F4xx_HAL_Driver/Src/stm32f4xx_ll_rcc.o
 .text.LL_RCC_PLL_GetMainSource
                0x0800662c       0x1c ./Drivers/STM32F4xx_HAL_Driver/Src/stm32f4xx_ll_rcc.o
 .text.LL_RCC_PLL_GetN
                0x08006648       0x1c ./Drivers/STM32F4xx_HAL_Driver/Src/stm32f4xx_ll_rcc.o
 .text.LL_RCC_PLL_GetP
                0x08006664       0x1c ./Drivers/STM32F4xx_HAL_Driver/Src/stm32f4xx_ll_rcc.o
 .text.LL_RCC_PLL_GetDivider
                0x08006680       0x1c ./Drivers/STM32F4xx_HAL_Driver/Src/stm32f4xx_ll_rcc.o
 .text.LL_RCC_GetSystemClocksFreq
                0x0800669c       0x4a ./Drivers/STM32F4xx_HAL_Driver/Src/stm32f4xx_ll_rcc.o
                0x0800669c                LL_RCC_GetSystemClocksFreq
 *fill*         0x080066e6        0x2 
 .text.RCC_GetSystemClockFreq
                0x080066e8       0x50 ./Drivers/STM32F4xx_HAL_Driver/Src/stm32f4xx_ll_rcc.o
                0x080066e8                RCC_GetSystemClockFreq
 .text.RCC_GetHCLKClockFreq
                0x08006738       0x2c ./Drivers/STM32F4xx_HAL_Driver/Src/stm32f4xx_ll_rcc.o
                0x08006738                RCC_GetHCLKClockFreq
 .text.RCC_GetPCLK1ClockFreq
                0x08006764       0x28 ./Drivers/STM32F4xx_HAL_Driver/Src/stm32f4xx_ll_rcc.o
                0x08006764                RCC_GetPCLK1ClockFreq
 .text.RCC_GetPCLK2ClockFreq
                0x0800678c       0x28 ./Drivers/STM32F4xx_HAL_Driver/Src/stm32f4xx_ll_rcc.o
                0x0800678c                RCC_GetPCLK2ClockFreq
 .text.RCC_PLL_GetFreqDomain_SYS
                0x080067b4       0x7c ./Drivers/STM32F4xx_HAL_Driver/Src/stm32f4xx_ll_rcc.o
                0x080067b4                RCC_PLL_GetFreqDomain_SYS
 .text.LL_TIM_SetPrescaler
                0x08006830       0x1c ./Drivers/STM32F4xx_HAL_Driver/Src/stm32f4xx_ll_tim.o
 .text.LL_TIM_SetAutoReload
                0x0800684c       0x1c ./Drivers/STM32F4xx_HAL_Driver/Src/stm32f4xx_ll_tim.o
 .text.LL_TIM_SetRepetitionCounter
                0x08006868       0x1c ./Drivers/STM32F4xx_HAL_Driver/Src/stm32f4xx_ll_tim.o
 .text.LL_TIM_OC_SetCompareCH1
                0x08006884       0x1c ./Drivers/STM32F4xx_HAL_Driver/Src/stm32f4xx_ll_tim.o
 .text.LL_TIM_OC_SetCompareCH2
                0x080068a0       0x1c ./Drivers/STM32F4xx_HAL_Driver/Src/stm32f4xx_ll_tim.o
 .text.LL_TIM_OC_SetCompareCH3
                0x080068bc       0x1c ./Drivers/STM32F4xx_HAL_Driver/Src/stm32f4xx_ll_tim.o
 .text.LL_TIM_OC_SetCompareCH4
                0x080068d8       0x1c ./Drivers/STM32F4xx_HAL_Driver/Src/stm32f4xx_ll_tim.o
 .text.LL_TIM_GenerateEvent_UPDATE
                0x080068f4       0x20 ./Drivers/STM32F4xx_HAL_Driver/Src/stm32f4xx_ll_tim.o
 .text.LL_TIM_Init
                0x08006914       0xf4 ./Drivers/STM32F4xx_HAL_Driver/Src/stm32f4xx_ll_tim.o
                0x08006914                LL_TIM_Init
 .text.LL_TIM_OC_Init
                0x08006a08       0x82 ./Drivers/STM32F4xx_HAL_Driver/Src/stm32f4xx_ll_tim.o
                0x08006a08                LL_TIM_OC_Init
 *fill*         0x08006a8a        0x2 
 .text.OC1Config
                0x08006a8c       0xcc ./Drivers/STM32F4xx_HAL_Driver/Src/stm32f4xx_ll_tim.o
 .text.OC2Config
                0x08006b58       0xd4 ./Drivers/STM32F4xx_HAL_Driver/Src/stm32f4xx_ll_tim.o
 .text.OC3Config
                0x08006c2c       0xd4 ./Drivers/STM32F4xx_HAL_Driver/Src/stm32f4xx_ll_tim.o
 .text.OC4Config
                0x08006d00       0xa4 ./Drivers/STM32F4xx_HAL_Driver/Src/stm32f4xx_ll_tim.o
 .text.LL_USART_IsEnabled
                0x08006da4       0x28 ./Drivers/STM32F4xx_HAL_Driver/Src/stm32f4xx_ll_usart.o
 .text.LL_USART_SetStopBitsLength
                0x08006dcc       0x26 ./Drivers/STM32F4xx_HAL_Driver/Src/stm32f4xx_ll_usart.o
 .text.LL_USART_SetHWFlowCtrl
                0x08006df2       0x26 ./Drivers/STM32F4xx_HAL_Driver/Src/stm32f4xx_ll_usart.o
 .text.LL_USART_SetBaudRate
                0x08006e18      0x45c ./Drivers/STM32F4xx_HAL_Driver/Src/stm32f4xx_ll_usart.o
 .text.LL_USART_Init
                0x08007274       0xc8 ./Drivers/STM32F4xx_HAL_Driver/Src/stm32f4xx_ll_usart.o
                0x08007274                LL_USART_Init
 .text.__NVIC_SetPriority
                0x0800733c       0x54 ./Middlewares/Third_Party/FreeRTOS/Source/CMSIS_RTOS_V2/cmsis_os2.o
 .text.SysTick_Handler
                0x08007390       0x20 ./Middlewares/Third_Party/FreeRTOS/Source/CMSIS_RTOS_V2/cmsis_os2.o
                0x08007390                SysTick_Handler
 .text.SVC_Setup
                0x080073b0       0x12 ./Middlewares/Third_Party/FreeRTOS/Source/CMSIS_RTOS_V2/cmsis_os2.o
 *fill*         0x080073c2        0x2 
 .text.osKernelInitialize
                0x080073c4       0x48 ./Middlewares/Third_Party/FreeRTOS/Source/CMSIS_RTOS_V2/cmsis_os2.o
                0x080073c4                osKernelInitialize
 .text.osKernelStart
                0x0800740c       0x4c ./Middlewares/Third_Party/FreeRTOS/Source/CMSIS_RTOS_V2/cmsis_os2.o
                0x0800740c                osKernelStart
 .text.osThreadNew
                0x08007458      0x124 ./Middlewares/Third_Party/FreeRTOS/Source/CMSIS_RTOS_V2/cmsis_os2.o
                0x08007458                osThreadNew
 .text.osDelay  0x0800757c       0x36 ./Middlewares/Third_Party/FreeRTOS/Source/CMSIS_RTOS_V2/cmsis_os2.o
                0x0800757c                osDelay
 .text.osEventFlagsNew
                0x080075b2       0x7e ./Middlewares/Third_Party/FreeRTOS/Source/CMSIS_RTOS_V2/cmsis_os2.o
                0x080075b2                osEventFlagsNew
 .text.osEventFlagsSet
                0x08007630       0x84 ./Middlewares/Third_Party/FreeRTOS/Source/CMSIS_RTOS_V2/cmsis_os2.o
                0x08007630                osEventFlagsSet
 .text.osEventFlagsWait
                0x080076b4       0xca ./Middlewares/Third_Party/FreeRTOS/Source/CMSIS_RTOS_V2/cmsis_os2.o
                0x080076b4                osEventFlagsWait
 .text.osMessageQueueNew
                0x0800777e       0xe6 ./Middlewares/Third_Party/FreeRTOS/Source/CMSIS_RTOS_V2/cmsis_os2.o
                0x0800777e                osMessageQueueNew
 .text.osMessageQueuePut
                0x08007864       0xc0 ./Middlewares/Third_Party/FreeRTOS/Source/CMSIS_RTOS_V2/cmsis_os2.o
                0x08007864                osMessageQueuePut
 .text.osMessageQueueGet
                0x08007924       0xbc ./Middlewares/Third_Party/FreeRTOS/Source/CMSIS_RTOS_V2/cmsis_os2.o
                0x08007924                osMessageQueueGet
 .text.vApplicationGetIdleTaskMemory
                0x080079e0       0x34 ./Middlewares/Third_Party/FreeRTOS/Source/CMSIS_RTOS_V2/cmsis_os2.o
                0x080079e0                vApplicationGetIdleTaskMemory
 .text.vApplicationGetTimerTaskMemory
                0x08007a14       0x34 ./Middlewares/Third_Party/FreeRTOS/Source/CMSIS_RTOS_V2/cmsis_os2.o
                0x08007a14                vApplicationGetTimerTaskMemory
 .text.xEventGroupCreateStatic
                0x08007a48       0x72 ./Middlewares/Third_Party/FreeRTOS/Source/event_groups.o
                0x08007a48                xEventGroupCreateStatic
 .text.xEventGroupCreate
                0x08007aba       0x34 ./Middlewares/Third_Party/FreeRTOS/Source/event_groups.o
                0x08007aba                xEventGroupCreate
 *fill*         0x08007aee        0x2 
 .text.xEventGroupWaitBits
                0x08007af0      0x1a4 ./Middlewares/Third_Party/FreeRTOS/Source/event_groups.o
                0x08007af0                xEventGroupWaitBits
 .text.xEventGroupSetBits
                0x08007c94      0x118 ./Middlewares/Third_Party/FreeRTOS/Source/event_groups.o
                0x08007c94                xEventGroupSetBits
 .text.vEventGroupSetBitsCallback
                0x08007dac       0x1a ./Middlewares/Third_Party/FreeRTOS/Source/event_groups.o
                0x08007dac                vEventGroupSetBitsCallback
 .text.prvTestWaitCondition
                0x08007dc6       0x44 ./Middlewares/Third_Party/FreeRTOS/Source/event_groups.o
 *fill*         0x08007e0a        0x2 
 .text.xEventGroupSetBitsFromISR
                0x08007e0c       0x28 ./Middlewares/Third_Party/FreeRTOS/Source/event_groups.o
                0x08007e0c                xEventGroupSetBitsFromISR
 .text.vListInitialise
                0x08007e34       0x40 ./Middlewares/Third_Party/FreeRTOS/Source/list.o
                0x08007e34                vListInitialise
 .text.vListInitialiseItem
                0x08007e74       0x1a ./Middlewares/Third_Party/FreeRTOS/Source/list.o
                0x08007e74                vListInitialiseItem
 .text.vListInsertEnd
                0x08007e8e       0x48 ./Middlewares/Third_Party/FreeRTOS/Source/list.o
                0x08007e8e                vListInsertEnd
 .text.vListInsert
                0x08007ed6       0x72 ./Middlewares/Third_Party/FreeRTOS/Source/list.o
                0x08007ed6                vListInsert
 .text.uxListRemove
                0x08007f48       0x54 ./Middlewares/Third_Party/FreeRTOS/Source/list.o
                0x08007f48                uxListRemove
 .text.xQueueGenericReset
                0x08007f9c       0xd4 ./Middlewares/Third_Party/FreeRTOS/Source/queue.o
                0x08007f9c                xQueueGenericReset
 .text.xQueueGenericCreateStatic
                0x08008070       0xfa ./Middlewares/Third_Party/FreeRTOS/Source/queue.o
                0x08008070                xQueueGenericCreateStatic
 .text.xQueueGenericCreate
                0x0800816a       0x76 ./Middlewares/Third_Party/FreeRTOS/Source/queue.o
                0x0800816a                xQueueGenericCreate
 .text.prvInitialiseNewQueue
                0x080081e0       0x46 ./Middlewares/Third_Party/FreeRTOS/Source/queue.o
 *fill*         0x08008226        0x2 
 .text.xQueueGenericSend
                0x08008228      0x204 ./Middlewares/Third_Party/FreeRTOS/Source/queue.o
                0x08008228                xQueueGenericSend
 .text.xQueueGenericSendFromISR
                0x0800842c      0x13c ./Middlewares/Third_Party/FreeRTOS/Source/queue.o
                0x0800842c                xQueueGenericSendFromISR
 .text.xQueueReceive
                0x08008568      0x1c4 ./Middlewares/Third_Party/FreeRTOS/Source/queue.o
                0x08008568                xQueueReceive
 .text.xQueueReceiveFromISR
                0x0800872c      0x104 ./Middlewares/Third_Party/FreeRTOS/Source/queue.o
                0x0800872c                xQueueReceiveFromISR
 .text.prvCopyDataToQueue
                0x08008830       0xd4 ./Middlewares/Third_Party/FreeRTOS/Source/queue.o
 .text.prvCopyDataFromQueue
                0x08008904       0x4c ./Middlewares/Third_Party/FreeRTOS/Source/queue.o
 .text.prvUnlockQueue
                0x08008950       0xa4 ./Middlewares/Third_Party/FreeRTOS/Source/queue.o
 .text.prvIsQueueEmpty
                0x080089f4       0x2c ./Middlewares/Third_Party/FreeRTOS/Source/queue.o
 .text.prvIsQueueFull
                0x08008a20       0x30 ./Middlewares/Third_Party/FreeRTOS/Source/queue.o
 .text.vQueueAddToRegistry
                0x08008a50       0x54 ./Middlewares/Third_Party/FreeRTOS/Source/queue.o
                0x08008a50                vQueueAddToRegistry
 .text.vQueueWaitForMessageRestricted
                0x08008aa4       0x68 ./Middlewares/Third_Party/FreeRTOS/Source/queue.o
                0x08008aa4                vQueueWaitForMessageRestricted
 .text.xTaskCreateStatic
                0x08008b0c       0xc0 ./Middlewares/Third_Party/FreeRTOS/Source/tasks.o
                0x08008b0c                xTaskCreateStatic
 .text.xTaskCreate
                0x08008bcc       0x8a ./Middlewares/Third_Party/FreeRTOS/Source/tasks.o
                0x08008bcc                xTaskCreate
 *fill*         0x08008c56        0x2 
 .text.prvInitialiseNewTask
                0x08008c58      0x150 ./Middlewares/Third_Party/FreeRTOS/Source/tasks.o
 .text.prvAddNewTaskToReadyList
                0x08008da8       0xe0 ./Middlewares/Third_Party/FreeRTOS/Source/tasks.o
 .text.vTaskDelay
                0x08008e88       0x6c ./Middlewares/Third_Party/FreeRTOS/Source/tasks.o
                0x08008e88                vTaskDelay
 .text.vTaskStartScheduler
                0x08008ef4       0xe0 ./Middlewares/Third_Party/FreeRTOS/Source/tasks.o
                0x08008ef4                vTaskStartScheduler
 .text.vTaskSuspendAll
                0x08008fd4       0x1c ./Middlewares/Third_Party/FreeRTOS/Source/tasks.o
                0x08008fd4                vTaskSuspendAll
 .text.xTaskResumeAll
                0x08008ff0      0x13c ./Middlewares/Third_Party/FreeRTOS/Source/tasks.o
                0x08008ff0                xTaskResumeAll
 .text.xTaskGetTickCount
                0x0800912c       0x20 ./Middlewares/Third_Party/FreeRTOS/Source/tasks.o
                0x0800912c                xTaskGetTickCount
 .text.xTaskIncrementTick
                0x0800914c      0x174 ./Middlewares/Third_Party/FreeRTOS/Source/tasks.o
                0x0800914c                xTaskIncrementTick
 .text.vTaskSwitchContext
                0x080092c0       0xcc ./Middlewares/Third_Party/FreeRTOS/Source/tasks.o
                0x080092c0                vTaskSwitchContext
 .text.vTaskPlaceOnEventList
                0x0800938c       0x4c ./Middlewares/Third_Party/FreeRTOS/Source/tasks.o
                0x0800938c                vTaskPlaceOnEventList
 .text.vTaskPlaceOnUnorderedEventList
                0x080093d8       0x7c ./Middlewares/Third_Party/FreeRTOS/Source/tasks.o
                0x080093d8                vTaskPlaceOnUnorderedEventList
 .text.vTaskPlaceOnEventListRestricted
                0x08009454       0x58 ./Middlewares/Third_Party/FreeRTOS/Source/tasks.o
                0x08009454                vTaskPlaceOnEventListRestricted
 .text.xTaskRemoveFromEventList
                0x080094ac       0xc8 ./Middlewares/Third_Party/FreeRTOS/Source/tasks.o
                0x080094ac                xTaskRemoveFromEventList
 .text.vTaskRemoveFromUnorderedEventList
                0x08009574       0xc8 ./Middlewares/Third_Party/FreeRTOS/Source/tasks.o
                0x08009574                vTaskRemoveFromUnorderedEventList
 .text.vTaskInternalSetTimeOutState
                0x0800963c       0x2c ./Middlewares/Third_Party/FreeRTOS/Source/tasks.o
                0x0800963c                vTaskInternalSetTimeOutState
 .text.xTaskCheckForTimeOut
                0x08009668       0xc8 ./Middlewares/Third_Party/FreeRTOS/Source/tasks.o
                0x08009668                xTaskCheckForTimeOut
 .text.vTaskMissedYield
                0x08009730       0x18 ./Middlewares/Third_Party/FreeRTOS/Source/tasks.o
                0x08009730                vTaskMissedYield
 .text.prvIdleTask
                0x08009748       0x30 ./Middlewares/Third_Party/FreeRTOS/Source/tasks.o
 .text.prvInitialiseTaskLists
                0x08009778       0x80 ./Middlewares/Third_Party/FreeRTOS/Source/tasks.o
 .text.prvCheckTasksWaitingTermination
                0x080097f8       0x5c ./Middlewares/Third_Party/FreeRTOS/Source/tasks.o
 .text.prvDeleteTCB
                0x08009854       0x6a ./Middlewares/Third_Party/FreeRTOS/Source/tasks.o
 *fill*         0x080098be        0x2 
 .text.prvResetNextTaskUnblockTime
                0x080098c0       0x40 ./Middlewares/Third_Party/FreeRTOS/Source/tasks.o
 .text.xTaskGetSchedulerState
                0x08009900       0x3c ./Middlewares/Third_Party/FreeRTOS/Source/tasks.o
                0x08009900                xTaskGetSchedulerState
 .text.xTaskPriorityDisinherit
                0x0800993c       0xe0 ./Middlewares/Third_Party/FreeRTOS/Source/tasks.o
                0x0800993c                xTaskPriorityDisinherit
 .text.uxTaskResetEventItemValue
                0x08009a1c       0x30 ./Middlewares/Third_Party/FreeRTOS/Source/tasks.o
                0x08009a1c                uxTaskResetEventItemValue
 .text.prvAddCurrentTaskToDelayedList
                0x08009a4c       0xa8 ./Middlewares/Third_Party/FreeRTOS/Source/tasks.o
 .text.xTimerCreateTimerTask
                0x08009af4       0x94 ./Middlewares/Third_Party/FreeRTOS/Source/timers.o
                0x08009af4                xTimerCreateTimerTask
 .text.xTimerGenericCommand
                0x08009b88       0x9c ./Middlewares/Third_Party/FreeRTOS/Source/timers.o
                0x08009b88                xTimerGenericCommand
 .text.prvProcessExpiredTimer
                0x08009c24       0x9c ./Middlewares/Third_Party/FreeRTOS/Source/timers.o
 .text.prvTimerTask
                0x08009cc0       0x26 ./Middlewares/Third_Party/FreeRTOS/Source/timers.o
 *fill*         0x08009ce6        0x2 
 .text.prvProcessTimerOrBlockTask
                0x08009ce8       0x9c ./Middlewares/Third_Party/FreeRTOS/Source/timers.o
 .text.prvGetNextExpireTime
                0x08009d84       0x48 ./Middlewares/Third_Party/FreeRTOS/Source/timers.o
 .text.prvSampleTimeNow
                0x08009dcc       0x40 ./Middlewares/Third_Party/FreeRTOS/Source/timers.o
 .text.prvInsertTimerInActiveList
                0x08009e0c       0x84 ./Middlewares/Third_Party/FreeRTOS/Source/timers.o
 .text.prvProcessReceivedCommands
                0x08009e90      0x1cc ./Middlewares/Third_Party/FreeRTOS/Source/timers.o
 .text.prvSwitchTimerLists
                0x0800a05c       0xcc ./Middlewares/Third_Party/FreeRTOS/Source/timers.o
 .text.prvCheckForValidListAndQueue
                0x0800a128       0x80 ./Middlewares/Third_Party/FreeRTOS/Source/timers.o
 .text.xTimerPendFunctionCallFromISR
                0x0800a1a8       0x40 ./Middlewares/Third_Party/FreeRTOS/Source/timers.o
                0x0800a1a8                xTimerPendFunctionCallFromISR
 .text.pxPortInitialiseStack
                0x0800a1e8       0x68 ./Middlewares/Third_Party/FreeRTOS/Source/portable/GCC/ARM_CM4F/port.o
                0x0800a1e8                pxPortInitialiseStack
 .text.prvTaskExitError
                0x0800a250       0x5c ./Middlewares/Third_Party/FreeRTOS/Source/portable/GCC/ARM_CM4F/port.o
 *fill*         0x0800a2ac        0x4 
 .text.SVC_Handler
                0x0800a2b0       0x28 ./Middlewares/Third_Party/FreeRTOS/Source/portable/GCC/ARM_CM4F/port.o
                0x0800a2b0                SVC_Handler
 .text.prvPortStartFirstTask
                0x0800a2d8       0x28 ./Middlewares/Third_Party/FreeRTOS/Source/portable/GCC/ARM_CM4F/port.o
 .text.xPortStartScheduler
                0x0800a300      0x148 ./Middlewares/Third_Party/FreeRTOS/Source/portable/GCC/ARM_CM4F/port.o
                0x0800a300                xPortStartScheduler
 .text.vPortEnterCritical
                0x0800a448       0x64 ./Middlewares/Third_Party/FreeRTOS/Source/portable/GCC/ARM_CM4F/port.o
                0x0800a448                vPortEnterCritical
 .text.vPortExitCritical
                0x0800a4ac       0x54 ./Middlewares/Third_Party/FreeRTOS/Source/portable/GCC/ARM_CM4F/port.o
                0x0800a4ac                vPortExitCritical
 .text.PendSV_Handler
                0x0800a500       0x68 ./Middlewares/Third_Party/FreeRTOS/Source/portable/GCC/ARM_CM4F/port.o
                0x0800a500                PendSV_Handler
 .text.xPortSysTickHandler
                0x0800a568       0x44 ./Middlewares/Third_Party/FreeRTOS/Source/portable/GCC/ARM_CM4F/port.o
                0x0800a568                xPortSysTickHandler
 .text.vPortSetupTimerInterrupt
                0x0800a5ac       0x48 ./Middlewares/Third_Party/FreeRTOS/Source/portable/GCC/ARM_CM4F/port.o
                0x0800a5ac                vPortSetupTimerInterrupt
 .text.vPortEnableVFP
                0x0800a5f4       0x14 ./Middlewares/Third_Party/FreeRTOS/Source/portable/GCC/ARM_CM4F/port.o
 .text.vPortValidateInterruptPriority
                0x0800a608       0x84 ./Middlewares/Third_Party/FreeRTOS/Source/portable/GCC/ARM_CM4F/port.o
                0x0800a608                vPortValidateInterruptPriority
 .text.pvPortMalloc
                0x0800a68c      0x19c ./Middlewares/Third_Party/FreeRTOS/Source/portable/MemMang/heap_4.o
                0x0800a68c                pvPortMalloc
 .text.vPortFree
                0x0800a828       0xc8 ./Middlewares/Third_Party/FreeRTOS/Source/portable/MemMang/heap_4.o
                0x0800a828                vPortFree
 .text.prvHeapInit
                0x0800a8f0       0xc4 ./Middlewares/Third_Party/FreeRTOS/Source/portable/MemMang/heap_4.o
 .text.prvInsertBlockIntoFreeList
                0x0800a9b4       0xb4 ./Middlewares/Third_Party/FreeRTOS/Source/portable/MemMang/heap_4.o
 .text.__cvt    0x0800aa68       0xca E:/Program Files/STM32CubeIDE/STM32CubeIDE_1.16.1/STM32CubeIDE/plugins/com.st.stm32cube.ide.mcu.externaltools.gnu-tools-for-stm32.12.3.rel1.win32_1.0.200.202406191623/tools/bin/../lib/gcc/arm-none-eabi/12.3.1/../../../../arm-none-eabi/lib/thumb/v7e-m+fp/hard\libc_nano.a(libc_a-nano-vfprintf_float.o)
                0x0800aa68                __cvt
 .text.__exponent
                0x0800ab32       0x74 E:/Program Files/STM32CubeIDE/STM32CubeIDE_1.16.1/STM32CubeIDE/plugins/com.st.stm32cube.ide.mcu.externaltools.gnu-tools-for-stm32.12.3.rel1.win32_1.0.200.202406191623/tools/bin/../lib/gcc/arm-none-eabi/12.3.1/../../../../arm-none-eabi/lib/thumb/v7e-m+fp/hard\libc_nano.a(libc_a-nano-vfprintf_float.o)
                0x0800ab32                __exponent
 *fill*         0x0800aba6        0x2 
 .text._printf_float
                0x0800aba8      0x454 E:/Program Files/STM32CubeIDE/STM32CubeIDE_1.16.1/STM32CubeIDE/plugins/com.st.stm32cube.ide.mcu.externaltools.gnu-tools-for-stm32.12.3.rel1.win32_1.0.200.202406191623/tools/bin/../lib/gcc/arm-none-eabi/12.3.1/../../../../arm-none-eabi/lib/thumb/v7e-m+fp/hard\libc_nano.a(libc_a-nano-vfprintf_float.o)
                0x0800aba8                _printf_float
 .text._printf_common
                0x0800affc       0xda E:/Program Files/STM32CubeIDE/STM32CubeIDE_1.16.1/STM32CubeIDE/plugins/com.st.stm32cube.ide.mcu.externaltools.gnu-tools-for-stm32.12.3.rel1.win32_1.0.200.202406191623/tools/bin/../lib/gcc/arm-none-eabi/12.3.1/../../../../arm-none-eabi/lib/thumb/v7e-m+fp/hard\libc_nano.a(libc_a-nano-vfprintf_i.o)
                0x0800affc                _printf_common
 *fill*         0x0800b0d6        0x2 
 .text._printf_i
                0x0800b0d8      0x240 E:/Program Files/STM32CubeIDE/STM32CubeIDE_1.16.1/STM32CubeIDE/plugins/com.st.stm32cube.ide.mcu.externaltools.gnu-tools-for-stm32.12.3.rel1.win32_1.0.200.202406191623/tools/bin/../lib/gcc/arm-none-eabi/12.3.1/../../../../arm-none-eabi/lib/thumb/v7e-m+fp/hard\libc_nano.a(libc_a-nano-vfprintf_i.o)
                0x0800b0d8                _printf_i
 .text.std      0x0800b318       0x6c E:/Program Files/STM32CubeIDE/STM32CubeIDE_1.16.1/STM32CubeIDE/plugins/com.st.stm32cube.ide.mcu.externaltools.gnu-tools-for-stm32.12.3.rel1.win32_1.0.200.202406191623/tools/bin/../lib/gcc/arm-none-eabi/12.3.1/../../../../arm-none-eabi/lib/thumb/v7e-m+fp/hard\libc_nano.a(libc_a-findfp.o)
 .text.stdio_exit_handler
                0x0800b384       0x18 E:/Program Files/STM32CubeIDE/STM32CubeIDE_1.16.1/STM32CubeIDE/plugins/com.st.stm32cube.ide.mcu.externaltools.gnu-tools-for-stm32.12.3.rel1.win32_1.0.200.202406191623/tools/bin/../lib/gcc/arm-none-eabi/12.3.1/../../../../arm-none-eabi/lib/thumb/v7e-m+fp/hard\libc_nano.a(libc_a-findfp.o)
 .text.cleanup_stdio
                0x0800b39c       0x40 E:/Program Files/STM32CubeIDE/STM32CubeIDE_1.16.1/STM32CubeIDE/plugins/com.st.stm32cube.ide.mcu.externaltools.gnu-tools-for-stm32.12.3.rel1.win32_1.0.200.202406191623/tools/bin/../lib/gcc/arm-none-eabi/12.3.1/../../../../arm-none-eabi/lib/thumb/v7e-m+fp/hard\libc_nano.a(libc_a-findfp.o)
 .text.global_stdio_init.part.0
                0x0800b3dc       0x3c E:/Program Files/STM32CubeIDE/STM32CubeIDE_1.16.1/STM32CubeIDE/plugins/com.st.stm32cube.ide.mcu.externaltools.gnu-tools-for-stm32.12.3.rel1.win32_1.0.200.202406191623/tools/bin/../lib/gcc/arm-none-eabi/12.3.1/../../../../arm-none-eabi/lib/thumb/v7e-m+fp/hard\libc_nano.a(libc_a-findfp.o)
 .text.__sfp_lock_acquire
                0x0800b418        0xc E:/Program Files/STM32CubeIDE/STM32CubeIDE_1.16.1/STM32CubeIDE/plugins/com.st.stm32cube.ide.mcu.externaltools.gnu-tools-for-stm32.12.3.rel1.win32_1.0.200.202406191623/tools/bin/../lib/gcc/arm-none-eabi/12.3.1/../../../../arm-none-eabi/lib/thumb/v7e-m+fp/hard\libc_nano.a(libc_a-findfp.o)
                0x0800b418                __sfp_lock_acquire
 .text.__sfp_lock_release
                0x0800b424        0xc E:/Program Files/STM32CubeIDE/STM32CubeIDE_1.16.1/STM32CubeIDE/plugins/com.st.stm32cube.ide.mcu.externaltools.gnu-tools-for-stm32.12.3.rel1.win32_1.0.200.202406191623/tools/bin/../lib/gcc/arm-none-eabi/12.3.1/../../../../arm-none-eabi/lib/thumb/v7e-m+fp/hard\libc_nano.a(libc_a-findfp.o)
                0x0800b424                __sfp_lock_release
 .text.__sinit  0x0800b430       0x30 E:/Program Files/STM32CubeIDE/STM32CubeIDE_1.16.1/STM32CubeIDE/plugins/com.st.stm32cube.ide.mcu.externaltools.gnu-tools-for-stm32.12.3.rel1.win32_1.0.200.202406191623/tools/bin/../lib/gcc/arm-none-eabi/12.3.1/../../../../arm-none-eabi/lib/thumb/v7e-m+fp/hard\libc_nano.a(libc_a-findfp.o)
                0x0800b430                __sinit
 .text._fwalk_sglue
                0x0800b460       0x3c E:/Program Files/STM32CubeIDE/STM32CubeIDE_1.16.1/STM32CubeIDE/plugins/com.st.stm32cube.ide.mcu.externaltools.gnu-tools-for-stm32.12.3.rel1.win32_1.0.200.202406191623/tools/bin/../lib/gcc/arm-none-eabi/12.3.1/../../../../arm-none-eabi/lib/thumb/v7e-m+fp/hard\libc_nano.a(libc_a-fwalk.o)
                0x0800b460                _fwalk_sglue
 .text.__sread  0x0800b49c       0x22 E:/Program Files/STM32CubeIDE/STM32CubeIDE_1.16.1/STM32CubeIDE/plugins/com.st.stm32cube.ide.mcu.externaltools.gnu-tools-for-stm32.12.3.rel1.win32_1.0.200.202406191623/tools/bin/../lib/gcc/arm-none-eabi/12.3.1/../../../../arm-none-eabi/lib/thumb/v7e-m+fp/hard\libc_nano.a(libc_a-stdio.o)
                0x0800b49c                __sread
 .text.__swrite
                0x0800b4be       0x38 E:/Program Files/STM32CubeIDE/STM32CubeIDE_1.16.1/STM32CubeIDE/plugins/com.st.stm32cube.ide.mcu.externaltools.gnu-tools-for-stm32.12.3.rel1.win32_1.0.200.202406191623/tools/bin/../lib/gcc/arm-none-eabi/12.3.1/../../../../arm-none-eabi/lib/thumb/v7e-m+fp/hard\libc_nano.a(libc_a-stdio.o)
                0x0800b4be                __swrite
 .text.__sseek  0x0800b4f6       0x24 E:/Program Files/STM32CubeIDE/STM32CubeIDE_1.16.1/STM32CubeIDE/plugins/com.st.stm32cube.ide.mcu.externaltools.gnu-tools-for-stm32.12.3.rel1.win32_1.0.200.202406191623/tools/bin/../lib/gcc/arm-none-eabi/12.3.1/../../../../arm-none-eabi/lib/thumb/v7e-m+fp/hard\libc_nano.a(libc_a-stdio.o)
                0x0800b4f6                __sseek
 .text.__sclose
                0x0800b51a        0x8 E:/Program Files/STM32CubeIDE/STM32CubeIDE_1.16.1/STM32CubeIDE/plugins/com.st.stm32cube.ide.mcu.externaltools.gnu-tools-for-stm32.12.3.rel1.win32_1.0.200.202406191623/tools/bin/../lib/gcc/arm-none-eabi/12.3.1/../../../../arm-none-eabi/lib/thumb/v7e-m+fp/hard\libc_nano.a(libc_a-stdio.o)
                0x0800b51a                __sclose
 .text.memset   0x0800b522       0x10 E:/Program Files/STM32CubeIDE/STM32CubeIDE_1.16.1/STM32CubeIDE/plugins/com.st.stm32cube.ide.mcu.externaltools.gnu-tools-for-stm32.12.3.rel1.win32_1.0.200.202406191623/tools/bin/../lib/gcc/arm-none-eabi/12.3.1/../../../../arm-none-eabi/lib/thumb/v7e-m+fp/hard\libc_nano.a(libc_a-memset.o)
                0x0800b522                memset
 *fill*         0x0800b532        0x2 
 .text._localeconv_r
                0x0800b534        0x8 E:/Program Files/STM32CubeIDE/STM32CubeIDE_1.16.1/STM32CubeIDE/plugins/com.st.stm32cube.ide.mcu.externaltools.gnu-tools-for-stm32.12.3.rel1.win32_1.0.200.202406191623/tools/bin/../lib/gcc/arm-none-eabi/12.3.1/../../../../arm-none-eabi/lib/thumb/v7e-m+fp/hard\libc_nano.a(libc_a-localeconv.o)
                0x0800b534                _localeconv_r
 .text._close_r
                0x0800b53c       0x20 E:/Program Files/STM32CubeIDE/STM32CubeIDE_1.16.1/STM32CubeIDE/plugins/com.st.stm32cube.ide.mcu.externaltools.gnu-tools-for-stm32.12.3.rel1.win32_1.0.200.202406191623/tools/bin/../lib/gcc/arm-none-eabi/12.3.1/../../../../arm-none-eabi/lib/thumb/v7e-m+fp/hard\libc_nano.a(libc_a-closer.o)
                0x0800b53c                _close_r
 .text._reclaim_reent
                0x0800b55c       0xac E:/Program Files/STM32CubeIDE/STM32CubeIDE_1.16.1/STM32CubeIDE/plugins/com.st.stm32cube.ide.mcu.externaltools.gnu-tools-for-stm32.12.3.rel1.win32_1.0.200.202406191623/tools/bin/../lib/gcc/arm-none-eabi/12.3.1/../../../../arm-none-eabi/lib/thumb/v7e-m+fp/hard\libc_nano.a(libc_a-reent.o)
                0x0800b55c                _reclaim_reent
 .text._lseek_r
                0x0800b608       0x24 E:/Program Files/STM32CubeIDE/STM32CubeIDE_1.16.1/STM32CubeIDE/plugins/com.st.stm32cube.ide.mcu.externaltools.gnu-tools-for-stm32.12.3.rel1.win32_1.0.200.202406191623/tools/bin/../lib/gcc/arm-none-eabi/12.3.1/../../../../arm-none-eabi/lib/thumb/v7e-m+fp/hard\libc_nano.a(libc_a-lseekr.o)
                0x0800b608                _lseek_r
 .text._read_r  0x0800b62c       0x24 E:/Program Files/STM32CubeIDE/STM32CubeIDE_1.16.1/STM32CubeIDE/plugins/com.st.stm32cube.ide.mcu.externaltools.gnu-tools-for-stm32.12.3.rel1.win32_1.0.200.202406191623/tools/bin/../lib/gcc/arm-none-eabi/12.3.1/../../../../arm-none-eabi/lib/thumb/v7e-m+fp/hard\libc_nano.a(libc_a-readr.o)
                0x0800b62c                _read_r
 .text._write_r
                0x0800b650       0x24 E:/Program Files/STM32CubeIDE/STM32CubeIDE_1.16.1/STM32CubeIDE/plugins/com.st.stm32cube.ide.mcu.externaltools.gnu-tools-for-stm32.12.3.rel1.win32_1.0.200.202406191623/tools/bin/../lib/gcc/arm-none-eabi/12.3.1/../../../../arm-none-eabi/lib/thumb/v7e-m+fp/hard\libc_nano.a(libc_a-writer.o)
                0x0800b650                _write_r
 .text.__errno  0x0800b674        0xc E:/Program Files/STM32CubeIDE/STM32CubeIDE_1.16.1/STM32CubeIDE/plugins/com.st.stm32cube.ide.mcu.externaltools.gnu-tools-for-stm32.12.3.rel1.win32_1.0.200.202406191623/tools/bin/../lib/gcc/arm-none-eabi/12.3.1/../../../../arm-none-eabi/lib/thumb/v7e-m+fp/hard\libc_nano.a(libc_a-errno.o)
                0x0800b674                __errno
 .text.__libc_init_array
                0x0800b680       0x48 E:/Program Files/STM32CubeIDE/STM32CubeIDE_1.16.1/STM32CubeIDE/plugins/com.st.stm32cube.ide.mcu.externaltools.gnu-tools-for-stm32.12.3.rel1.win32_1.0.200.202406191623/tools/bin/../lib/gcc/arm-none-eabi/12.3.1/../../../../arm-none-eabi/lib/thumb/v7e-m+fp/hard\libc_nano.a(libc_a-init.o)
                0x0800b680                __libc_init_array
 .text.__retarget_lock_init_recursive
                0x0800b6c8        0x2 E:/Program Files/STM32CubeIDE/STM32CubeIDE_1.16.1/STM32CubeIDE/plugins/com.st.stm32cube.ide.mcu.externaltools.gnu-tools-for-stm32.12.3.rel1.win32_1.0.200.202406191623/tools/bin/../lib/gcc/arm-none-eabi/12.3.1/../../../../arm-none-eabi/lib/thumb/v7e-m+fp/hard\libc_nano.a(libc_a-lock.o)
                0x0800b6c8                __retarget_lock_init_recursive
 .text.__retarget_lock_acquire_recursive
                0x0800b6ca        0x2 E:/Program Files/STM32CubeIDE/STM32CubeIDE_1.16.1/STM32CubeIDE/plugins/com.st.stm32cube.ide.mcu.externaltools.gnu-tools-for-stm32.12.3.rel1.win32_1.0.200.202406191623/tools/bin/../lib/gcc/arm-none-eabi/12.3.1/../../../../arm-none-eabi/lib/thumb/v7e-m+fp/hard\libc_nano.a(libc_a-lock.o)
                0x0800b6ca                __retarget_lock_acquire_recursive
 .text.__retarget_lock_release_recursive
                0x0800b6cc        0x2 E:/Program Files/STM32CubeIDE/STM32CubeIDE_1.16.1/STM32CubeIDE/plugins/com.st.stm32cube.ide.mcu.externaltools.gnu-tools-for-stm32.12.3.rel1.win32_1.0.200.202406191623/tools/bin/../lib/gcc/arm-none-eabi/12.3.1/../../../../arm-none-eabi/lib/thumb/v7e-m+fp/hard\libc_nano.a(libc_a-lock.o)
                0x0800b6cc                __retarget_lock_release_recursive
 .text.memcpy   0x0800b6ce       0x1c E:/Program Files/STM32CubeIDE/STM32CubeIDE_1.16.1/STM32CubeIDE/plugins/com.st.stm32cube.ide.mcu.externaltools.gnu-tools-for-stm32.12.3.rel1.win32_1.0.200.202406191623/tools/bin/../lib/gcc/arm-none-eabi/12.3.1/../../../../arm-none-eabi/lib/thumb/v7e-m+fp/hard\libc_nano.a(libc_a-memcpy-stub.o)
                0x0800b6ce                memcpy
 .text.quorem   0x0800b6ea      0x110 E:/Program Files/STM32CubeIDE/STM32CubeIDE_1.16.1/STM32CubeIDE/plugins/com.st.stm32cube.ide.mcu.externaltools.gnu-tools-for-stm32.12.3.rel1.win32_1.0.200.202406191623/tools/bin/../lib/gcc/arm-none-eabi/12.3.1/../../../../arm-none-eabi/lib/thumb/v7e-m+fp/hard\libc_nano.a(libc_a-dtoa.o)
 *fill*         0x0800b7fa        0x6 
 .text._dtoa_r  0x0800b800      0xb88 E:/Program Files/STM32CubeIDE/STM32CubeIDE_1.16.1/STM32CubeIDE/plugins/com.st.stm32cube.ide.mcu.externaltools.gnu-tools-for-stm32.12.3.rel1.win32_1.0.200.202406191623/tools/bin/../lib/gcc/arm-none-eabi/12.3.1/../../../../arm-none-eabi/lib/thumb/v7e-m+fp/hard\libc_nano.a(libc_a-dtoa.o)
                0x0800b800                _dtoa_r
 .text._free_r  0x0800c388       0x94 E:/Program Files/STM32CubeIDE/STM32CubeIDE_1.16.1/STM32CubeIDE/plugins/com.st.stm32cube.ide.mcu.externaltools.gnu-tools-for-stm32.12.3.rel1.win32_1.0.200.202406191623/tools/bin/../lib/gcc/arm-none-eabi/12.3.1/../../../../arm-none-eabi/lib/thumb/v7e-m+fp/hard\libc_nano.a(libc_a-freer.o)
                0x0800c388                _free_r
 .text.malloc   0x0800c41c       0x10 E:/Program Files/STM32CubeIDE/STM32CubeIDE_1.16.1/STM32CubeIDE/plugins/com.st.stm32cube.ide.mcu.externaltools.gnu-tools-for-stm32.12.3.rel1.win32_1.0.200.202406191623/tools/bin/../lib/gcc/arm-none-eabi/12.3.1/../../../../arm-none-eabi/lib/thumb/v7e-m+fp/hard\libc_nano.a(libc_a-malloc.o)
                0x0800c41c                malloc
 .text.sbrk_aligned
                0x0800c42c       0x44 E:/Program Files/STM32CubeIDE/STM32CubeIDE_1.16.1/STM32CubeIDE/plugins/com.st.stm32cube.ide.mcu.externaltools.gnu-tools-for-stm32.12.3.rel1.win32_1.0.200.202406191623/tools/bin/../lib/gcc/arm-none-eabi/12.3.1/../../../../arm-none-eabi/lib/thumb/v7e-m+fp/hard\libc_nano.a(libc_a-mallocr.o)
 .text._malloc_r
                0x0800c470      0x100 E:/Program Files/STM32CubeIDE/STM32CubeIDE_1.16.1/STM32CubeIDE/plugins/com.st.stm32cube.ide.mcu.externaltools.gnu-tools-for-stm32.12.3.rel1.win32_1.0.200.202406191623/tools/bin/../lib/gcc/arm-none-eabi/12.3.1/../../../../arm-none-eabi/lib/thumb/v7e-m+fp/hard\libc_nano.a(libc_a-mallocr.o)
                0x0800c470                _malloc_r
 .text.__malloc_lock
                0x0800c570        0xc E:/Program Files/STM32CubeIDE/STM32CubeIDE_1.16.1/STM32CubeIDE/plugins/com.st.stm32cube.ide.mcu.externaltools.gnu-tools-for-stm32.12.3.rel1.win32_1.0.200.202406191623/tools/bin/../lib/gcc/arm-none-eabi/12.3.1/../../../../arm-none-eabi/lib/thumb/v7e-m+fp/hard\libc_nano.a(libc_a-mlock.o)
                0x0800c570                __malloc_lock
 .text.__malloc_unlock
                0x0800c57c        0xc E:/Program Files/STM32CubeIDE/STM32CubeIDE_1.16.1/STM32CubeIDE/plugins/com.st.stm32cube.ide.mcu.externaltools.gnu-tools-for-stm32.12.3.rel1.win32_1.0.200.202406191623/tools/bin/../lib/gcc/arm-none-eabi/12.3.1/../../../../arm-none-eabi/lib/thumb/v7e-m+fp/hard\libc_nano.a(libc_a-mlock.o)
                0x0800c57c                __malloc_unlock
 .text._Balloc  0x0800c588       0x80 E:/Program Files/STM32CubeIDE/STM32CubeIDE_1.16.1/STM32CubeIDE/plugins/com.st.stm32cube.ide.mcu.externaltools.gnu-tools-for-stm32.12.3.rel1.win32_1.0.200.202406191623/tools/bin/../lib/gcc/arm-none-eabi/12.3.1/../../../../arm-none-eabi/lib/thumb/v7e-m+fp/hard\libc_nano.a(libc_a-mprec.o)
                0x0800c588                _Balloc
 .text._Bfree   0x0800c608       0x44 E:/Program Files/STM32CubeIDE/STM32CubeIDE_1.16.1/STM32CubeIDE/plugins/com.st.stm32cube.ide.mcu.externaltools.gnu-tools-for-stm32.12.3.rel1.win32_1.0.200.202406191623/tools/bin/../lib/gcc/arm-none-eabi/12.3.1/../../../../arm-none-eabi/lib/thumb/v7e-m+fp/hard\libc_nano.a(libc_a-mprec.o)
                0x0800c608                _Bfree
 .text.__multadd
                0x0800c64c       0x8c E:/Program Files/STM32CubeIDE/STM32CubeIDE_1.16.1/STM32CubeIDE/plugins/com.st.stm32cube.ide.mcu.externaltools.gnu-tools-for-stm32.12.3.rel1.win32_1.0.200.202406191623/tools/bin/../lib/gcc/arm-none-eabi/12.3.1/../../../../arm-none-eabi/lib/thumb/v7e-m+fp/hard\libc_nano.a(libc_a-mprec.o)
                0x0800c64c                __multadd
 .text.__hi0bits
                0x0800c6d8       0x3e E:/Program Files/STM32CubeIDE/STM32CubeIDE_1.16.1/STM32CubeIDE/plugins/com.st.stm32cube.ide.mcu.externaltools.gnu-tools-for-stm32.12.3.rel1.win32_1.0.200.202406191623/tools/bin/../lib/gcc/arm-none-eabi/12.3.1/../../../../arm-none-eabi/lib/thumb/v7e-m+fp/hard\libc_nano.a(libc_a-mprec.o)
                0x0800c6d8                __hi0bits
 .text.__lo0bits
                0x0800c716       0x5a E:/Program Files/STM32CubeIDE/STM32CubeIDE_1.16.1/STM32CubeIDE/plugins/com.st.stm32cube.ide.mcu.externaltools.gnu-tools-for-stm32.12.3.rel1.win32_1.0.200.202406191623/tools/bin/../lib/gcc/arm-none-eabi/12.3.1/../../../../arm-none-eabi/lib/thumb/v7e-m+fp/hard\libc_nano.a(libc_a-mprec.o)
                0x0800c716                __lo0bits
 .text.__i2b    0x0800c770       0x2c E:/Program Files/STM32CubeIDE/STM32CubeIDE_1.16.1/STM32CubeIDE/plugins/com.st.stm32cube.ide.mcu.externaltools.gnu-tools-for-stm32.12.3.rel1.win32_1.0.200.202406191623/tools/bin/../lib/gcc/arm-none-eabi/12.3.1/../../../../arm-none-eabi/lib/thumb/v7e-m+fp/hard\libc_nano.a(libc_a-mprec.o)
                0x0800c770                __i2b
 .text.__multiply
                0x0800c79c      0x154 E:/Program Files/STM32CubeIDE/STM32CubeIDE_1.16.1/STM32CubeIDE/plugins/com.st.stm32cube.ide.mcu.externaltools.gnu-tools-for-stm32.12.3.rel1.win32_1.0.200.202406191623/tools/bin/../lib/gcc/arm-none-eabi/12.3.1/../../../../arm-none-eabi/lib/thumb/v7e-m+fp/hard\libc_nano.a(libc_a-mprec.o)
                0x0800c79c                __multiply
 .text.__pow5mult
                0x0800c8f0       0xb4 E:/Program Files/STM32CubeIDE/STM32CubeIDE_1.16.1/STM32CubeIDE/plugins/com.st.stm32cube.ide.mcu.externaltools.gnu-tools-for-stm32.12.3.rel1.win32_1.0.200.202406191623/tools/bin/../lib/gcc/arm-none-eabi/12.3.1/../../../../arm-none-eabi/lib/thumb/v7e-m+fp/hard\libc_nano.a(libc_a-mprec.o)
                0x0800c8f0                __pow5mult
 .text.__lshift
                0x0800c9a4       0xd8 E:/Program Files/STM32CubeIDE/STM32CubeIDE_1.16.1/STM32CubeIDE/plugins/com.st.stm32cube.ide.mcu.externaltools.gnu-tools-for-stm32.12.3.rel1.win32_1.0.200.202406191623/tools/bin/../lib/gcc/arm-none-eabi/12.3.1/../../../../arm-none-eabi/lib/thumb/v7e-m+fp/hard\libc_nano.a(libc_a-mprec.o)
                0x0800c9a4                __lshift
 .text.__mcmp   0x0800ca7c       0x36 E:/Program Files/STM32CubeIDE/STM32CubeIDE_1.16.1/STM32CubeIDE/plugins/com.st.stm32cube.ide.mcu.externaltools.gnu-tools-for-stm32.12.3.rel1.win32_1.0.200.202406191623/tools/bin/../lib/gcc/arm-none-eabi/12.3.1/../../../../arm-none-eabi/lib/thumb/v7e-m+fp/hard\libc_nano.a(libc_a-mprec.o)
                0x0800ca7c                __mcmp
 *fill*         0x0800cab2        0x2 
 .text.__mdiff  0x0800cab4      0x128 E:/Program Files/STM32CubeIDE/STM32CubeIDE_1.16.1/STM32CubeIDE/plugins/com.st.stm32cube.ide.mcu.externaltools.gnu-tools-for-stm32.12.3.rel1.win32_1.0.200.202406191623/tools/bin/../lib/gcc/arm-none-eabi/12.3.1/../../../../arm-none-eabi/lib/thumb/v7e-m+fp/hard\libc_nano.a(libc_a-mprec.o)
                0x0800cab4                __mdiff
 .text.__d2b    0x0800cbdc       0xb0 E:/Program Files/STM32CubeIDE/STM32CubeIDE_1.16.1/STM32CubeIDE/plugins/com.st.stm32cube.ide.mcu.externaltools.gnu-tools-for-stm32.12.3.rel1.win32_1.0.200.202406191623/tools/bin/../lib/gcc/arm-none-eabi/12.3.1/../../../../arm-none-eabi/lib/thumb/v7e-m+fp/hard\libc_nano.a(libc_a-mprec.o)
                0x0800cbdc                __d2b
 .text.__sflush_r
                0x0800cc8c      0x108 E:/Program Files/STM32CubeIDE/STM32CubeIDE_1.16.1/STM32CubeIDE/plugins/com.st.stm32cube.ide.mcu.externaltools.gnu-tools-for-stm32.12.3.rel1.win32_1.0.200.202406191623/tools/bin/../lib/gcc/arm-none-eabi/12.3.1/../../../../arm-none-eabi/lib/thumb/v7e-m+fp/hard\libc_nano.a(libc_a-fflush.o)
                0x0800cc8c                __sflush_r
 .text._fflush_r
                0x0800cd94       0x50 E:/Program Files/STM32CubeIDE/STM32CubeIDE_1.16.1/STM32CubeIDE/plugins/com.st.stm32cube.ide.mcu.externaltools.gnu-tools-for-stm32.12.3.rel1.win32_1.0.200.202406191623/tools/bin/../lib/gcc/arm-none-eabi/12.3.1/../../../../arm-none-eabi/lib/thumb/v7e-m+fp/hard\libc_nano.a(libc_a-fflush.o)
                0x0800cd94                _fflush_r
 .text._sbrk_r  0x0800cde4       0x20 E:/Program Files/STM32CubeIDE/STM32CubeIDE_1.16.1/STM32CubeIDE/plugins/com.st.stm32cube.ide.mcu.externaltools.gnu-tools-for-stm32.12.3.rel1.win32_1.0.200.202406191623/tools/bin/../lib/gcc/arm-none-eabi/12.3.1/../../../../arm-none-eabi/lib/thumb/v7e-m+fp/hard\libc_nano.a(libc_a-sbrkr.o)
                0x0800cde4                _sbrk_r
 .text.__assert_func
                0x0800ce04       0x3c E:/Program Files/STM32CubeIDE/STM32CubeIDE_1.16.1/STM32CubeIDE/plugins/com.st.stm32cube.ide.mcu.externaltools.gnu-tools-for-stm32.12.3.rel1.win32_1.0.200.202406191623/tools/bin/../lib/gcc/arm-none-eabi/12.3.1/../../../../arm-none-eabi/lib/thumb/v7e-m+fp/hard\libc_nano.a(libc_a-assert.o)
                0x0800ce04                __assert_func
 .text._calloc_r
                0x0800ce40       0x28 E:/Program Files/STM32CubeIDE/STM32CubeIDE_1.16.1/STM32CubeIDE/plugins/com.st.stm32cube.ide.mcu.externaltools.gnu-tools-for-stm32.12.3.rel1.win32_1.0.200.202406191623/tools/bin/../lib/gcc/arm-none-eabi/12.3.1/../../../../arm-none-eabi/lib/thumb/v7e-m+fp/hard\libc_nano.a(libc_a-callocr.o)
                0x0800ce40                _calloc_r
 .text.__ascii_mbtowc
                0x0800ce68       0x24 E:/Program Files/STM32CubeIDE/STM32CubeIDE_1.16.1/STM32CubeIDE/plugins/com.st.stm32cube.ide.mcu.externaltools.gnu-tools-for-stm32.12.3.rel1.win32_1.0.200.202406191623/tools/bin/../lib/gcc/arm-none-eabi/12.3.1/../../../../arm-none-eabi/lib/thumb/v7e-m+fp/hard\libc_nano.a(libc_a-mbtowc_r.o)
                0x0800ce68                __ascii_mbtowc
 .text.__ascii_wctomb
                0x0800ce8c       0x1a E:/Program Files/STM32CubeIDE/STM32CubeIDE_1.16.1/STM32CubeIDE/plugins/com.st.stm32cube.ide.mcu.externaltools.gnu-tools-for-stm32.12.3.rel1.win32_1.0.200.202406191623/tools/bin/../lib/gcc/arm-none-eabi/12.3.1/../../../../arm-none-eabi/lib/thumb/v7e-m+fp/hard\libc_nano.a(libc_a-wctomb_r.o)
                0x0800ce8c                __ascii_wctomb
 *fill*         0x0800cea6        0x2 
 .text.fprintf  0x0800cea8       0x24 E:/Program Files/STM32CubeIDE/STM32CubeIDE_1.16.1/STM32CubeIDE/plugins/com.st.stm32cube.ide.mcu.externaltools.gnu-tools-for-stm32.12.3.rel1.win32_1.0.200.202406191623/tools/bin/../lib/gcc/arm-none-eabi/12.3.1/../../../../arm-none-eabi/lib/thumb/v7e-m+fp/hard\libc_nano.a(libc_a-fprintf.o)
                0x0800cea8                fiprintf
                0x0800cea8                fprintf
 .text.abort    0x0800cecc        0xe E:/Program Files/STM32CubeIDE/STM32CubeIDE_1.16.1/STM32CubeIDE/plugins/com.st.stm32cube.ide.mcu.externaltools.gnu-tools-for-stm32.12.3.rel1.win32_1.0.200.202406191623/tools/bin/../lib/gcc/arm-none-eabi/12.3.1/../../../../arm-none-eabi/lib/thumb/v7e-m+fp/hard\libc_nano.a(libc_a-abort.o)
                0x0800cecc                abort
 .text.__sfputc_r
                0x0800ceda       0x2e E:/Program Files/STM32CubeIDE/STM32CubeIDE_1.16.1/STM32CubeIDE/plugins/com.st.stm32cube.ide.mcu.externaltools.gnu-tools-for-stm32.12.3.rel1.win32_1.0.200.202406191623/tools/bin/../lib/gcc/arm-none-eabi/12.3.1/../../../../arm-none-eabi/lib/thumb/v7e-m+fp/hard\libc_nano.a(libc_a-nano-vfprintf.o)
 .text.__sfputs_r
                0x0800cf08       0x24 E:/Program Files/STM32CubeIDE/STM32CubeIDE_1.16.1/STM32CubeIDE/plugins/com.st.stm32cube.ide.mcu.externaltools.gnu-tools-for-stm32.12.3.rel1.win32_1.0.200.202406191623/tools/bin/../lib/gcc/arm-none-eabi/12.3.1/../../../../arm-none-eabi/lib/thumb/v7e-m+fp/hard\libc_nano.a(libc_a-nano-vfprintf.o)
                0x0800cf08                __sfputs_r
 .text._vfprintf_r
                0x0800cf2c      0x230 E:/Program Files/STM32CubeIDE/STM32CubeIDE_1.16.1/STM32CubeIDE/plugins/com.st.stm32cube.ide.mcu.externaltools.gnu-tools-for-stm32.12.3.rel1.win32_1.0.200.202406191623/tools/bin/../lib/gcc/arm-none-eabi/12.3.1/../../../../arm-none-eabi/lib/thumb/v7e-m+fp/hard\libc_nano.a(libc_a-nano-vfprintf.o)
                0x0800cf2c                _vfprintf_r
                0x0800cf2c                _vfiprintf_r
 .text.__swbuf_r
                0x0800d15c       0x7c E:/Program Files/STM32CubeIDE/STM32CubeIDE_1.16.1/STM32CubeIDE/plugins/com.st.stm32cube.ide.mcu.externaltools.gnu-tools-for-stm32.12.3.rel1.win32_1.0.200.202406191623/tools/bin/../lib/gcc/arm-none-eabi/12.3.1/../../../../arm-none-eabi/lib/thumb/v7e-m+fp/hard\libc_nano.a(libc_a-wbuf.o)
                0x0800d15c                __swbuf_r
 .text.__swsetup_r
                0x0800d1d8       0xac E:/Program Files/STM32CubeIDE/STM32CubeIDE_1.16.1/STM32CubeIDE/plugins/com.st.stm32cube.ide.mcu.externaltools.gnu-tools-for-stm32.12.3.rel1.win32_1.0.200.202406191623/tools/bin/../lib/gcc/arm-none-eabi/12.3.1/../../../../arm-none-eabi/lib/thumb/v7e-m+fp/hard\libc_nano.a(libc_a-wsetup.o)
                0x0800d1d8                __swsetup_r
 .text._raise_r
                0x0800d284       0x50 E:/Program Files/STM32CubeIDE/STM32CubeIDE_1.16.1/STM32CubeIDE/plugins/com.st.stm32cube.ide.mcu.externaltools.gnu-tools-for-stm32.12.3.rel1.win32_1.0.200.202406191623/tools/bin/../lib/gcc/arm-none-eabi/12.3.1/../../../../arm-none-eabi/lib/thumb/v7e-m+fp/hard\libc_nano.a(libc_a-signal.o)
                0x0800d284                _raise_r
 .text.raise    0x0800d2d4       0x10 E:/Program Files/STM32CubeIDE/STM32CubeIDE_1.16.1/STM32CubeIDE/plugins/com.st.stm32cube.ide.mcu.externaltools.gnu-tools-for-stm32.12.3.rel1.win32_1.0.200.202406191623/tools/bin/../lib/gcc/arm-none-eabi/12.3.1/../../../../arm-none-eabi/lib/thumb/v7e-m+fp/hard\libc_nano.a(libc_a-signal.o)
                0x0800d2d4                raise
 .text._kill_r  0x0800d2e4       0x24 E:/Program Files/STM32CubeIDE/STM32CubeIDE_1.16.1/STM32CubeIDE/plugins/com.st.stm32cube.ide.mcu.externaltools.gnu-tools-for-stm32.12.3.rel1.win32_1.0.200.202406191623/tools/bin/../lib/gcc/arm-none-eabi/12.3.1/../../../../arm-none-eabi/lib/thumb/v7e-m+fp/hard\libc_nano.a(libc_a-signalr.o)
                0x0800d2e4                _kill_r
 .text._getpid_r
                0x0800d308        0x4 E:/Program Files/STM32CubeIDE/STM32CubeIDE_1.16.1/STM32CubeIDE/plugins/com.st.stm32cube.ide.mcu.externaltools.gnu-tools-for-stm32.12.3.rel1.win32_1.0.200.202406191623/tools/bin/../lib/gcc/arm-none-eabi/12.3.1/../../../../arm-none-eabi/lib/thumb/v7e-m+fp/hard\libc_nano.a(libc_a-signalr.o)
                0x0800d308                _getpid_r
 .text.__swhatbuf_r
                0x0800d30c       0x4c E:/Program Files/STM32CubeIDE/STM32CubeIDE_1.16.1/STM32CubeIDE/plugins/com.st.stm32cube.ide.mcu.externaltools.gnu-tools-for-stm32.12.3.rel1.win32_1.0.200.202406191623/tools/bin/../lib/gcc/arm-none-eabi/12.3.1/../../../../arm-none-eabi/lib/thumb/v7e-m+fp/hard\libc_nano.a(libc_a-makebuf.o)
                0x0800d30c                __swhatbuf_r
 .text.__smakebuf_r
                0x0800d358       0x78 E:/Program Files/STM32CubeIDE/STM32CubeIDE_1.16.1/STM32CubeIDE/plugins/com.st.stm32cube.ide.mcu.externaltools.gnu-tools-for-stm32.12.3.rel1.win32_1.0.200.202406191623/tools/bin/../lib/gcc/arm-none-eabi/12.3.1/../../../../arm-none-eabi/lib/thumb/v7e-m+fp/hard\libc_nano.a(libc_a-makebuf.o)
                0x0800d358                __smakebuf_r
 .text._fstat_r
                0x0800d3d0       0x24 E:/Program Files/STM32CubeIDE/STM32CubeIDE_1.16.1/STM32CubeIDE/plugins/com.st.stm32cube.ide.mcu.externaltools.gnu-tools-for-stm32.12.3.rel1.win32_1.0.200.202406191623/tools/bin/../lib/gcc/arm-none-eabi/12.3.1/../../../../arm-none-eabi/lib/thumb/v7e-m+fp/hard\libc_nano.a(libc_a-fstatr.o)
                0x0800d3d0                _fstat_r
 .text._isatty_r
                0x0800d3f4       0x20 E:/Program Files/STM32CubeIDE/STM32CubeIDE_1.16.1/STM32CubeIDE/plugins/com.st.stm32cube.ide.mcu.externaltools.gnu-tools-for-stm32.12.3.rel1.win32_1.0.200.202406191623/tools/bin/../lib/gcc/arm-none-eabi/12.3.1/../../../../arm-none-eabi/lib/thumb/v7e-m+fp/hard\libc_nano.a(libc_a-isattyr.o)
                0x0800d3f4                _isatty_r
 .text.atan2f   0x0800d414        0x4 E:/Program Files/STM32CubeIDE/STM32CubeIDE_1.16.1/STM32CubeIDE/plugins/com.st.stm32cube.ide.mcu.externaltools.gnu-tools-for-stm32.12.3.rel1.win32_1.0.200.202406191623/tools/bin/../lib/gcc/arm-none-eabi/12.3.1/../../../../arm-none-eabi/lib/thumb/v7e-m+fp/hard\libm.a(libm_a-wf_atan2.o)
                0x0800d414                atan2f
 .text.sqrtf    0x0800d418       0x3c E:/Program Files/STM32CubeIDE/STM32CubeIDE_1.16.1/STM32CubeIDE/plugins/com.st.stm32cube.ide.mcu.externaltools.gnu-tools-for-stm32.12.3.rel1.win32_1.0.200.202406191623/tools/bin/../lib/gcc/arm-none-eabi/12.3.1/../../../../arm-none-eabi/lib/thumb/v7e-m+fp/hard\libm.a(libm_a-wf_sqrt.o)
                0x0800d418                sqrtf
 .text.__ieee754_sqrtf
                0x0800d454        0x6 E:/Program Files/STM32CubeIDE/STM32CubeIDE_1.16.1/STM32CubeIDE/plugins/com.st.stm32cube.ide.mcu.externaltools.gnu-tools-for-stm32.12.3.rel1.win32_1.0.200.202406191623/tools/bin/../lib/gcc/arm-none-eabi/12.3.1/../../../../arm-none-eabi/lib/thumb/v7e-m+fp/hard\libm.a(libm_a-ef_sqrt.o)
                0x0800d454                __ieee754_sqrtf
 *fill*         0x0800d45a        0x2 
 .text.__ieee754_atan2f
                0x0800d45c      0x140 E:/Program Files/STM32CubeIDE/STM32CubeIDE_1.16.1/STM32CubeIDE/plugins/com.st.stm32cube.ide.mcu.externaltools.gnu-tools-for-stm32.12.3.rel1.win32_1.0.200.202406191623/tools/bin/../lib/gcc/arm-none-eabi/12.3.1/../../../../arm-none-eabi/lib/thumb/v7e-m+fp/hard\libm.a(libm_a-ef_atan2.o)
                0x0800d45c                __ieee754_atan2f
 .text.atanf    0x0800d59c      0x1a8 E:/Program Files/STM32CubeIDE/STM32CubeIDE_1.16.1/STM32CubeIDE/plugins/com.st.stm32cube.ide.mcu.externaltools.gnu-tools-for-stm32.12.3.rel1.win32_1.0.200.202406191623/tools/bin/../lib/gcc/arm-none-eabi/12.3.1/../../../../arm-none-eabi/lib/thumb/v7e-m+fp/hard\libm.a(libm_a-sf_atan.o)
                0x0800d59c                atanf
 .text.fabsf    0x0800d744        0xe E:/Program Files/STM32CubeIDE/STM32CubeIDE_1.16.1/STM32CubeIDE/plugins/com.st.stm32cube.ide.mcu.externaltools.gnu-tools-for-stm32.12.3.rel1.win32_1.0.200.202406191623/tools/bin/../lib/gcc/arm-none-eabi/12.3.1/../../../../arm-none-eabi/lib/thumb/v7e-m+fp/hard\libm.a(libm_a-sf_fabs.o)
                0x0800d744                fabsf
 *(.glue_7)
 .glue_7        0x0800d752        0x0 linker stubs
 *(.glue_7t)
 .glue_7t       0x0800d752        0x0 linker stubs
 *(.eh_frame)
 *fill*         0x0800d752        0x2 
 .eh_frame      0x0800d754        0x0 E:/Program Files/STM32CubeIDE/STM32CubeIDE_1.16.1/STM32CubeIDE/plugins/com.st.stm32cube.ide.mcu.externaltools.gnu-tools-for-stm32.12.3.rel1.win32_1.0.200.202406191623/tools/bin/../lib/gcc/arm-none-eabi/12.3.1/thumb/v7e-m+fp/hard/crtbegin.o
 *(.init)
 .init          0x0800d754        0x4 E:/Program Files/STM32CubeIDE/STM32CubeIDE_1.16.1/STM32CubeIDE/plugins/com.st.stm32cube.ide.mcu.externaltools.gnu-tools-for-stm32.12.3.rel1.win32_1.0.200.202406191623/tools/bin/../lib/gcc/arm-none-eabi/12.3.1/thumb/v7e-m+fp/hard/crti.o
                0x0800d754                _init
 .init          0x0800d758        0x8 E:/Program Files/STM32CubeIDE/STM32CubeIDE_1.16.1/STM32CubeIDE/plugins/com.st.stm32cube.ide.mcu.externaltools.gnu-tools-for-stm32.12.3.rel1.win32_1.0.200.202406191623/tools/bin/../lib/gcc/arm-none-eabi/12.3.1/thumb/v7e-m+fp/hard/crtn.o
 *(.fini)
 .fini          0x0800d760        0x4 E:/Program Files/STM32CubeIDE/STM32CubeIDE_1.16.1/STM32CubeIDE/plugins/com.st.stm32cube.ide.mcu.externaltools.gnu-tools-for-stm32.12.3.rel1.win32_1.0.200.202406191623/tools/bin/../lib/gcc/arm-none-eabi/12.3.1/thumb/v7e-m+fp/hard/crti.o
                0x0800d760                _fini
 .fini          0x0800d764        0x8 E:/Program Files/STM32CubeIDE/STM32CubeIDE_1.16.1/STM32CubeIDE/plugins/com.st.stm32cube.ide.mcu.externaltools.gnu-tools-for-stm32.12.3.rel1.win32_1.0.200.202406191623/tools/bin/../lib/gcc/arm-none-eabi/12.3.1/thumb/v7e-m+fp/hard/crtn.o
                0x0800d76c                        . = ALIGN (0x4)
                0x0800d76c                        _etext = .

.vfp11_veneer   0x0800d76c        0x0
 .vfp11_veneer  0x0800d76c        0x0 linker stubs

.v4_bx          0x0800d76c        0x0
 .v4_bx         0x0800d76c        0x0 linker stubs

.iplt           0x0800d76c        0x0
 .iplt          0x0800d76c        0x0 E:/Program Files/STM32CubeIDE/STM32CubeIDE_1.16.1/STM32CubeIDE/plugins/com.st.stm32cube.ide.mcu.externaltools.gnu-tools-for-stm32.12.3.rel1.win32_1.0.200.202406191623/tools/bin/../lib/gcc/arm-none-eabi/12.3.1/thumb/v7e-m+fp/hard/crtbegin.o

.rodata         0x0800d770      0x560
                0x0800d770                        . = ALIGN (0x4)
 *(.rodata)
 .rodata        0x0800d770       0x68 ./Core/Src/main.o
 .rodata        0x0800d7d8        0x5 ./Middlewares/Third_Party/FreeRTOS/Source/tasks.o
 *fill*         0x0800d7dd        0x3 
 .rodata        0x0800d7e0        0xd ./Middlewares/Third_Party/FreeRTOS/Source/timers.o
 *(.rodata*)
 *fill*         0x0800d7ed        0x3 
 .rodata.OFFSET_TAB_CCMRx
                0x0800d7f0        0x7 ./Core/Src/main.o
 *fill*         0x0800d7f7        0x1 
 .rodata.SHIFT_TAB_OCxx
                0x0800d7f8        0x7 ./Core/Src/main.o
 *fill*         0x0800d7ff        0x1 
 .rodata.motorTask_attributes
                0x0800d800       0x24 ./Core/Src/main.o
                0x0800d800                motorTask_attributes
 .rodata.pidTask_attributes
                0x0800d824       0x24 ./Core/Src/main.o
                0x0800d824                pidTask_attributes
 .rodata.sensorTask_attributes
                0x0800d848       0x24 ./Core/Src/main.o
                0x0800d848                sensorTask_attributes
 .rodata.rcTask_attributes
                0x0800d86c       0x24 ./Core/Src/main.o
                0x0800d86c                rcTask_attributes
 .rodata.stateTask05_attributes
                0x0800d890       0x24 ./Core/Src/main.o
                0x0800d890                stateTask05_attributes
 .rodata.stateQueue_attributes
                0x0800d8b4       0x18 ./Core/Src/main.o
                0x0800d8b4                stateQueue_attributes
 .rodata.controlQueue_attributes
                0x0800d8cc       0x18 ./Core/Src/main.o
                0x0800d8cc                controlQueue_attributes
 .rodata.runpidEvent_attributes
                0x0800d8e4       0x10 ./Core/Src/main.o
                0x0800d8e4                runpidEvent_attributes
 .rodata.sensorQueue_attributes
                0x0800d8f4       0x18 ./Core/Src/main.o
                0x0800d8f4                sensorQueue_attributes
 .rodata.AHBPrescTable
                0x0800d90c       0x10 ./Core/Src/system_stm32f4xx.o
                0x0800d90c                AHBPrescTable
 .rodata.APBPrescTable
                0x0800d91c        0x8 ./Core/Src/system_stm32f4xx.o
                0x0800d91c                APBPrescTable
 .rodata._printf_float.str1.1
                0x0800d924       0x12 E:/Program Files/STM32CubeIDE/STM32CubeIDE_1.16.1/STM32CubeIDE/plugins/com.st.stm32cube.ide.mcu.externaltools.gnu-tools-for-stm32.12.3.rel1.win32_1.0.200.202406191623/tools/bin/../lib/gcc/arm-none-eabi/12.3.1/../../../../arm-none-eabi/lib/thumb/v7e-m+fp/hard\libc_nano.a(libc_a-nano-vfprintf_float.o)
 .rodata._printf_i.str1.1
                0x0800d936       0x22 E:/Program Files/STM32CubeIDE/STM32CubeIDE_1.16.1/STM32CubeIDE/plugins/com.st.stm32cube.ide.mcu.externaltools.gnu-tools-for-stm32.12.3.rel1.win32_1.0.200.202406191623/tools/bin/../lib/gcc/arm-none-eabi/12.3.1/../../../../arm-none-eabi/lib/thumb/v7e-m+fp/hard\libc_nano.a(libc_a-nano-vfprintf_i.o)
 .rodata._dtoa_r.str1.1
                0x0800d958       0x8d E:/Program Files/STM32CubeIDE/STM32CubeIDE_1.16.1/STM32CubeIDE/plugins/com.st.stm32cube.ide.mcu.externaltools.gnu-tools-for-stm32.12.3.rel1.win32_1.0.200.202406191623/tools/bin/../lib/gcc/arm-none-eabi/12.3.1/../../../../arm-none-eabi/lib/thumb/v7e-m+fp/hard\libc_nano.a(libc_a-dtoa.o)
                                 0x8f (size before relaxing)
 .rodata._Balloc.str1.1
                0x0800d9e5       0x59 E:/Program Files/STM32CubeIDE/STM32CubeIDE_1.16.1/STM32CubeIDE/plugins/com.st.stm32cube.ide.mcu.externaltools.gnu-tools-for-stm32.12.3.rel1.win32_1.0.200.202406191623/tools/bin/../lib/gcc/arm-none-eabi/12.3.1/../../../../arm-none-eabi/lib/thumb/v7e-m+fp/hard\libc_nano.a(libc_a-mprec.o)
                                 0x70 (size before relaxing)
 .rodata.__multadd.str1.1
                0x0800da3e       0x11 E:/Program Files/STM32CubeIDE/STM32CubeIDE_1.16.1/STM32CubeIDE/plugins/com.st.stm32cube.ide.mcu.externaltools.gnu-tools-for-stm32.12.3.rel1.win32_1.0.200.202406191623/tools/bin/../lib/gcc/arm-none-eabi/12.3.1/../../../../arm-none-eabi/lib/thumb/v7e-m+fp/hard\libc_nano.a(libc_a-mprec.o)
 *fill*         0x0800da3e        0x2 
 .rodata.p05.0  0x0800da40        0xc E:/Program Files/STM32CubeIDE/STM32CubeIDE_1.16.1/STM32CubeIDE/plugins/com.st.stm32cube.ide.mcu.externaltools.gnu-tools-for-stm32.12.3.rel1.win32_1.0.200.202406191623/tools/bin/../lib/gcc/arm-none-eabi/12.3.1/../../../../arm-none-eabi/lib/thumb/v7e-m+fp/hard\libc_nano.a(libc_a-mprec.o)
 *fill*         0x0800da4c        0x4 
 .rodata.__mprec_bigtens
                0x0800da50       0x28 E:/Program Files/STM32CubeIDE/STM32CubeIDE_1.16.1/STM32CubeIDE/plugins/com.st.stm32cube.ide.mcu.externaltools.gnu-tools-for-stm32.12.3.rel1.win32_1.0.200.202406191623/tools/bin/../lib/gcc/arm-none-eabi/12.3.1/../../../../arm-none-eabi/lib/thumb/v7e-m+fp/hard\libc_nano.a(libc_a-mprec.o)
                0x0800da50                __mprec_bigtens
 .rodata.__mprec_tens
                0x0800da78       0xc8 E:/Program Files/STM32CubeIDE/STM32CubeIDE_1.16.1/STM32CubeIDE/plugins/com.st.stm32cube.ide.mcu.externaltools.gnu-tools-for-stm32.12.3.rel1.win32_1.0.200.202406191623/tools/bin/../lib/gcc/arm-none-eabi/12.3.1/../../../../arm-none-eabi/lib/thumb/v7e-m+fp/hard\libc_nano.a(libc_a-mprec.o)
                0x0800da78                __mprec_tens
 .rodata._setlocale_r.str1.1