../Drivers/CMSIS/Include/core_cm4.h:1672:26:__NVIC_GetPriorityGrouping	4	static
../Drivers/CMSIS/Include/core_cm4.h:1684:22:__NVIC_EnableIRQ	16	static,ignoring_inline_asm
../Drivers/CMSIS/Include/core_cm4.h:1814:22:__NVIC_SetPriority	16	static
../Drivers/CMSIS/Include/core_cm4.h:1861:26:NVIC_EncodePriority	40	static
../Drivers/STM32F4xx_HAL_Driver/Inc/stm32f4xx_ll_tim.h:1116:22:LL_TIM_EnableCounter	16	static
../Drivers/STM32F4xx_HAL_Driver/Inc/stm32f4xx_ll_tim.h:1296:22:LL_TIM_EnableARRPreload	16	static
../Drivers/STM32F4xx_HAL_Driver/Inc/stm32f4xx_ll_tim.h:1612:22:LL_TIM_CC_EnableChannel	16	static
../Drivers/STM32F4xx_HAL_Driver/Inc/stm32f4xx_ll_tim.h:1925:22:LL_TIM_OC_DisableFast	24	static
../Drivers/STM32F4xx_HAL_Driver/Inc/stm32f4xx_ll_tim.h:1969:22:LL_TIM_OC_EnablePreload	24	static
../Drivers/STM32F4xx_HAL_Driver/Inc/stm32f4xx_ll_tim.h:2740:22:LL_TIM_SetTriggerOutput	16	static
../Drivers/STM32F4xx_HAL_Driver/Inc/stm32f4xx_ll_tim.h:2806:22:LL_TIM_DisableMasterSlaveMode	16	static
../Drivers/STM32F4xx_HAL_Driver/Inc/stm32f4xx_ll_usart.h:410:22:LL_USART_Enable	16	static
../Drivers/STM32F4xx_HAL_Driver/Inc/stm32f4xx_ll_usart.h:1479:22:LL_USART_ConfigAsyncMode	16	static
../Drivers/STM32F4xx_HAL_Driver/Inc/stm32f4xx_ll_usart.h:2035:22:LL_USART_EnableIT_RXNE	40	static,ignoring_inline_asm
../Drivers/STM32F4xx_HAL_Driver/Inc/stm32f4xx_ll_bus.h:409:22:LL_AHB1_GRP1_EnableClock	24	static
../Drivers/STM32F4xx_HAL_Driver/Inc/stm32f4xx_ll_bus.h:1185:22:LL_APB1_GRP1_EnableClock	24	static
../Drivers/STM32F4xx_HAL_Driver/Inc/stm32f4xx_ll_bus.h:1704:22:LL_APB2_GRP1_EnableClock	24	static
../Core/Src/main.c:210:5:main	64	static
../Core/Src/main.c:384:6:SystemClock_Config	88	static
../Core/Src/main.c:431:13:MX_I2C1_Init	8	static
../Core/Src/main.c:465:13:MX_I2C3_Init	8	static
../Core/Src/main.c:499:13:MX_TIM2_Init	48	static
../Core/Src/main.c:548:13:MX_TIM5_Init	88	static
../Core/Src/main.c:612:13:MX_USART1_UART_Init	64	static
../Core/Src/main.c:667:13:MX_GPIO_Init	40	static
../Core/Src/main.c:702:6:MotorTask	16	static
../Core/Src/main.c:720:6:PidTask	32	static
../Core/Src/main.c:753:6:SensorTask	64	static
../Core/Src/main.c:786:6:RCTask	16	static
../Core/Src/main.c:837:6:StateEstimatorTask	144	static
../Core/Src/main.c:933:6:HAL_TIM_PeriodElapsedCallback	16	static
../Core/Src/main.c:950:6:Error_Handler	4	static,ignoring_inline_asm
